Archive member included to satisfy reference by file (symbol)

c:/program files (x86)/atollic/truestudio for stm32 9.2.0/armtools/bin/../lib/gcc/arm-atollic-eabi/6.3.1/../../../../arm-atollic-eabi/lib/armv7-m\libc_nano.a(lib_a-init.o)
                              startup\startup_stm32f103xb.o (__libc_init_array)
c:/program files (x86)/atollic/truestudio for stm32 9.2.0/armtools/bin/../lib/gcc/arm-atollic-eabi/6.3.1/../../../../arm-atollic-eabi/lib/armv7-m\libc_nano.a(lib_a-itoa.o)
                              Src\main.o (itoa)
c:/program files (x86)/atollic/truestudio for stm32 9.2.0/armtools/bin/../lib/gcc/arm-atollic-eabi/6.3.1/../../../../arm-atollic-eabi/lib/armv7-m\libc_nano.a(lib_a-memset.o)
                              Drivers\CMSIS\DSP_Lib\Source\FilteringFunctions\arm_biquad_cascade_df1_32x64_init_q31.o (memset)
c:/program files (x86)/atollic/truestudio for stm32 9.2.0/armtools/bin/../lib/gcc/arm-atollic-eabi/6.3.1/../../../../arm-atollic-eabi/lib/armv7-m\libc_nano.a(lib_a-putchar.o)
                              Inc\u8g2\u8x8_d_stdio.o (putchar)
c:/program files (x86)/atollic/truestudio for stm32 9.2.0/armtools/bin/../lib/gcc/arm-atollic-eabi/6.3.1/../../../../arm-atollic-eabi/lib/armv7-m\libc_nano.a(lib_a-utoa.o)
                              c:/program files (x86)/atollic/truestudio for stm32 9.2.0/armtools/bin/../lib/gcc/arm-atollic-eabi/6.3.1/../../../../arm-atollic-eabi/lib/armv7-m\libc_nano.a(lib_a-itoa.o) (__utoa)
c:/program files (x86)/atollic/truestudio for stm32 9.2.0/armtools/bin/../lib/gcc/arm-atollic-eabi/6.3.1/../../../../arm-atollic-eabi/lib/armv7-m\libc_nano.a(lib_a-findfp.o)
                              c:/program files (x86)/atollic/truestudio for stm32 9.2.0/armtools/bin/../lib/gcc/arm-atollic-eabi/6.3.1/../../../../arm-atollic-eabi/lib/armv7-m\libc_nano.a(lib_a-putchar.o) (__sinit)
c:/program files (x86)/atollic/truestudio for stm32 9.2.0/armtools/bin/../lib/gcc/arm-atollic-eabi/6.3.1/../../../../arm-atollic-eabi/lib/armv7-m\libc_nano.a(lib_a-fwalk.o)
                              c:/program files (x86)/atollic/truestudio for stm32 9.2.0/armtools/bin/../lib/gcc/arm-atollic-eabi/6.3.1/../../../../arm-atollic-eabi/lib/armv7-m\libc_nano.a(lib_a-findfp.o) (_fwalk)
c:/program files (x86)/atollic/truestudio for stm32 9.2.0/armtools/bin/../lib/gcc/arm-atollic-eabi/6.3.1/../../../../arm-atollic-eabi/lib/armv7-m\libc_nano.a(lib_a-impure.o)
                              c:/program files (x86)/atollic/truestudio for stm32 9.2.0/armtools/bin/../lib/gcc/arm-atollic-eabi/6.3.1/../../../../arm-atollic-eabi/lib/armv7-m\libc_nano.a(lib_a-findfp.o) (_global_impure_ptr)
c:/program files (x86)/atollic/truestudio for stm32 9.2.0/armtools/bin/../lib/gcc/arm-atollic-eabi/6.3.1/../../../../arm-atollic-eabi/lib/armv7-m\libc_nano.a(lib_a-nano-mallocr.o)
                              c:/program files (x86)/atollic/truestudio for stm32 9.2.0/armtools/bin/../lib/gcc/arm-atollic-eabi/6.3.1/../../../../arm-atollic-eabi/lib/armv7-m\libc_nano.a(lib_a-findfp.o) (_malloc_r)
c:/program files (x86)/atollic/truestudio for stm32 9.2.0/armtools/bin/../lib/gcc/arm-atollic-eabi/6.3.1/../../../../arm-atollic-eabi/lib/armv7-m\libc_nano.a(lib_a-putc.o)
                              c:/program files (x86)/atollic/truestudio for stm32 9.2.0/armtools/bin/../lib/gcc/arm-atollic-eabi/6.3.1/../../../../arm-atollic-eabi/lib/armv7-m\libc_nano.a(lib_a-putchar.o) (_putc_r)
c:/program files (x86)/atollic/truestudio for stm32 9.2.0/armtools/bin/../lib/gcc/arm-atollic-eabi/6.3.1/../../../../arm-atollic-eabi/lib/armv7-m\libc_nano.a(lib_a-sbrkr.o)
                              c:/program files (x86)/atollic/truestudio for stm32 9.2.0/armtools/bin/../lib/gcc/arm-atollic-eabi/6.3.1/../../../../arm-atollic-eabi/lib/armv7-m\libc_nano.a(lib_a-nano-mallocr.o) (_sbrk_r)
c:/program files (x86)/atollic/truestudio for stm32 9.2.0/armtools/bin/../lib/gcc/arm-atollic-eabi/6.3.1/../../../../arm-atollic-eabi/lib/armv7-m\libc_nano.a(lib_a-stdio.o)
                              c:/program files (x86)/atollic/truestudio for stm32 9.2.0/armtools/bin/../lib/gcc/arm-atollic-eabi/6.3.1/../../../../arm-atollic-eabi/lib/armv7-m\libc_nano.a(lib_a-findfp.o) (__sread)
c:/program files (x86)/atollic/truestudio for stm32 9.2.0/armtools/bin/../lib/gcc/arm-atollic-eabi/6.3.1/../../../../arm-atollic-eabi/lib/armv7-m\libc_nano.a(lib_a-wbuf.o)
                              c:/program files (x86)/atollic/truestudio for stm32 9.2.0/armtools/bin/../lib/gcc/arm-atollic-eabi/6.3.1/../../../../arm-atollic-eabi/lib/armv7-m\libc_nano.a(lib_a-putc.o) (__swbuf_r)
c:/program files (x86)/atollic/truestudio for stm32 9.2.0/armtools/bin/../lib/gcc/arm-atollic-eabi/6.3.1/../../../../arm-atollic-eabi/lib/armv7-m\libc_nano.a(lib_a-writer.o)
                              c:/program files (x86)/atollic/truestudio for stm32 9.2.0/armtools/bin/../lib/gcc/arm-atollic-eabi/6.3.1/../../../../arm-atollic-eabi/lib/armv7-m\libc_nano.a(lib_a-stdio.o) (_write_r)
[...]
Memory Configuration

Name             Origin             Length             Attributes
RAM              0x20000000         0x00005000         xrw
FLASH            0x08000000         0x00010000         xr
*default*        0x00000000         0xffffffff

Linker script and memory map

LOAD c:/program files (x86)/atollic/truestudio for stm32 9.2.0/armtools/bin/../lib/gcc/arm-atollic-eabi/6.3.1/armv7-m/crti.o
LOAD c:/program files (x86)/atollic/truestudio for stm32 9.2.0/armtools/bin/../lib/gcc/arm-atollic-eabi/6.3.1/armv7-m/crtbegin.o
LOAD Drivers\CMSIS\DSP_Lib\Source\BasicMathFunctions\arm_abs_f32.o
LOAD Drivers\CMSIS\DSP_Lib\Source\BasicMathFunctions\arm_abs_q15.o
LOAD Drivers\CMSIS\DSP_Lib\Source\BasicMathFunctions\arm_abs_q31.o
LOAD Drivers\CMSIS\DSP_Lib\Source\BasicMathFunctions\arm_abs_q7.o
LOAD Drivers\CMSIS\DSP_Lib\Source\BasicMathFunctions\arm_add_f32.o
LOAD Drivers\CMSIS\DSP_Lib\Source\BasicMathFunctions\arm_add_q15.o
LOAD Drivers\CMSIS\DSP_Lib\Source\BasicMathFunctions\arm_add_q31.o
LOAD Drivers\CMSIS\DSP_Lib\Source\BasicMathFunctions\arm_add_q7.o
LOAD Drivers\CMSIS\DSP_Lib\Source\BasicMathFunctions\arm_dot_prod_f32.o
LOAD Drivers\CMSIS\DSP_Lib\Source\BasicMathFunctions\arm_dot_prod_q15.o
LOAD Drivers\CMSIS\DSP_Lib\Source\BasicMathFunctions\arm_dot_prod_q31.o
LOAD Drivers\CMSIS\DSP_Lib\Source\BasicMathFunctions\arm_dot_prod_q7.o
LOAD Drivers\CMSIS\DSP_Lib\Source\BasicMathFunctions\arm_mult_f32.o
LOAD Drivers\CMSIS\DSP_Lib\Source\BasicMathFunctions\arm_mult_q15.o
LOAD Drivers\CMSIS\DSP_Lib\Source\BasicMathFunctions\arm_mult_q31.o
LOAD Drivers\CMSIS\DSP_Lib\Source\BasicMathFunctions\arm_mult_q7.o
LOAD Drivers\CMSIS\DSP_Lib\Source\BasicMathFunctions\arm_negate_f32.o
LOAD Drivers\CMSIS\DSP_Lib\Source\BasicMathFunctions\arm_negate_q15.o
LOAD Drivers\CMSIS\DSP_Lib\Source\BasicMathFunctions\arm_negate_q31.o
LOAD Drivers\CMSIS\DSP_Lib\Source\BasicMathFunctions\arm_negate_q7.o
LOAD Drivers\CMSIS\DSP_Lib\Source\BasicMathFunctions\arm_offset_f32.o
LOAD Drivers\CMSIS\DSP_Lib\Source\BasicMathFunctions\arm_offset_q15.o
LOAD Drivers\CMSIS\DSP_Lib\Source\BasicMathFunctions\arm_offset_q31.o
LOAD Drivers\CMSIS\DSP_Lib\Source\BasicMathFunctions\arm_offset_q7.o
LOAD Drivers\CMSIS\DSP_Lib\Source\BasicMathFunctions\arm_scale_f32.o
LOAD Drivers\CMSIS\DSP_Lib\Source\BasicMathFunctions\arm_scale_q15.o
LOAD Drivers\CMSIS\DSP_Lib\Source\BasicMathFunctions\arm_scale_q31.o
LOAD Drivers\CMSIS\DSP_Lib\Source\BasicMathFunctions\arm_scale_q7.o
LOAD Drivers\CMSIS\DSP_Lib\Source\BasicMathFunctions\arm_shift_q15.o
LOAD Drivers\CMSIS\DSP_Lib\Source\BasicMathFunctions\arm_shift_q31.o
LOAD Drivers\CMSIS\DSP_Lib\Source\BasicMathFunctions\arm_shift_q7.o
LOAD Drivers\CMSIS\DSP_Lib\Source\BasicMathFunctions\arm_sub_f32.o
LOAD Drivers\CMSIS\DSP_Lib\Source\BasicMathFunctions\arm_sub_q15.o
LOAD Drivers\CMSIS\DSP_Lib\Source\BasicMathFunctions\arm_sub_q31.o
LOAD Drivers\CMSIS\DSP_Lib\Source\BasicMathFunctions\arm_sub_q7.o
LOAD Drivers\CMSIS\DSP_Lib\Source\CommonTables\arm_common_tables.o
LOAD Drivers\CMSIS\DSP_Lib\Source\CommonTables\arm_const_structs.o
LOAD Drivers\CMSIS\DSP_Lib\Source\ComplexMathFunctions\arm_cmplx_conj_f32.o
LOAD Drivers\CMSIS\DSP_Lib\Source\ComplexMathFunctions\arm_cmplx_conj_q15.o
LOAD Drivers\CMSIS\DSP_Lib\Source\ComplexMathFunctions\arm_cmplx_conj_q31.o
LOAD Drivers\CMSIS\DSP_Lib\Source\ComplexMathFunctions\arm_cmplx_dot_prod_f32.o
LOAD Drivers\CMSIS\DSP_Lib\Source\ComplexMathFunctions\arm_cmplx_dot_prod_q15.o
LOAD Drivers\CMSIS\DSP_Lib\Source\ComplexMathFunctions\arm_cmplx_dot_prod_q31.o
LOAD Drivers\CMSIS\DSP_Lib\Source\ComplexMathFunctions\arm_cmplx_mag_f32.o
LOAD Drivers\CMSIS\DSP_Lib\Source\ComplexMathFunctions\arm_cmplx_mag_q15.o
LOAD Drivers\CMSIS\DSP_Lib\Source\ComplexMathFunctions\arm_cmplx_mag_q31.o
LOAD Drivers\CMSIS\DSP_Lib\Source\ComplexMathFunctions\arm_cmplx_mag_squared_f32.o
LOAD Drivers\CMSIS\DSP_Lib\Source\ComplexMathFunctions\arm_cmplx_mag_squared_q15.o
LOAD Drivers\CMSIS\DSP_Lib\Source\ComplexMathFunctions\arm_cmplx_mag_squared_q31.o
LOAD Drivers\CMSIS\DSP_Lib\Source\ComplexMathFunctions\arm_cmplx_mult_cmplx_f32.o
LOAD Drivers\CMSIS\DSP_Lib\Source\ComplexMathFunctions\arm_cmplx_mult_cmplx_q15.o
LOAD Drivers\CMSIS\DSP_Lib\Source\ComplexMathFunctions\arm_cmplx_mult_cmplx_q31.o
LOAD Drivers\CMSIS\DSP_Lib\Source\ComplexMathFunctions\arm_cmplx_mult_real_f32.o
LOAD Drivers\CMSIS\DSP_Lib\Source\ComplexMathFunctions\arm_cmplx_mult_real_q15.o
LOAD Drivers\CMSIS\DSP_Lib\Source\ComplexMathFunctions\arm_cmplx_mult_real_q31.o
LOAD Drivers\CMSIS\DSP_Lib\Source\ControllerFunctions\arm_pid_init_f32.o
LOAD Drivers\CMSIS\DSP_Lib\Source\ControllerFunctions\arm_pid_init_q15.o
LOAD Drivers\CMSIS\DSP_Lib\Source\ControllerFunctions\arm_pid_init_q31.o
LOAD Drivers\CMSIS\DSP_Lib\Source\ControllerFunctions\arm_pid_reset_f32.o
LOAD Drivers\CMSIS\DSP_Lib\Source\ControllerFunctions\arm_pid_reset_q15.o
LOAD Drivers\CMSIS\DSP_Lib\Source\ControllerFunctions\arm_pid_reset_q31.o
LOAD Drivers\CMSIS\DSP_Lib\Source\ControllerFunctions\arm_sin_cos_f32.o
LOAD Drivers\CMSIS\DSP_Lib\Source\ControllerFunctions\arm_sin_cos_q31.o
LOAD Drivers\CMSIS\DSP_Lib\Source\FastMathFunctions\arm_cos_f32.o
LOAD Drivers\CMSIS\DSP_Lib\Source\FastMathFunctions\arm_cos_q15.o
LOAD Drivers\CMSIS\DSP_Lib\Source\FastMathFunctions\arm_cos_q31.o
LOAD Drivers\CMSIS\DSP_Lib\Source\FastMathFunctions\arm_sin_f32.o
LOAD Drivers\CMSIS\DSP_Lib\Source\FastMathFunctions\arm_sin_q15.o
LOAD Drivers\CMSIS\DSP_Lib\Source\FastMathFunctions\arm_sin_q31.o
LOAD Drivers\CMSIS\DSP_Lib\Source\FastMathFunctions\arm_sqrt_q15.o
LOAD Drivers\CMSIS\DSP_Lib\Source\FastMathFunctions\arm_sqrt_q31.o
LOAD Drivers\CMSIS\DSP_Lib\Source\FilteringFunctions\arm_biquad_cascade_df1_32x64_init_q31.o
LOAD Drivers\CMSIS\DSP_Lib\Source\FilteringFunctions\arm_biquad_cascade_df1_32x64_q31.o
LOAD Drivers\CMSIS\DSP_Lib\Source\FilteringFunctions\arm_biquad_cascade_df1_f32.o
LOAD Drivers\CMSIS\DSP_Lib\Source\FilteringFunctions\arm_biquad_cascade_df1_fast_q15.o
LOAD Drivers\CMSIS\DSP_Lib\Source\FilteringFunctions\arm_biquad_cascade_df1_fast_q31.o
LOAD Drivers\CMSIS\DSP_Lib\Source\FilteringFunctions\arm_biquad_cascade_df1_init_f32.o
LOAD Drivers\CMSIS\DSP_Lib\Source\FilteringFunctions\arm_biquad_cascade_df1_init_q15.o
LOAD Drivers\CMSIS\DSP_Lib\Source\FilteringFunctions\arm_biquad_cascade_df1_init_q31.o
LOAD Drivers\CMSIS\DSP_Lib\Source\FilteringFunctions\arm_biquad_cascade_df1_q15.o
LOAD Drivers\CMSIS\DSP_Lib\Source\FilteringFunctions\arm_biquad_cascade_df1_q31.o
LOAD Drivers\CMSIS\DSP_Lib\Source\FilteringFunctions\arm_biquad_cascade_df2T_f32.o
LOAD Drivers\CMSIS\DSP_Lib\Source\FilteringFunctions\arm_biquad_cascade_df2T_f64.o
LOAD Drivers\CMSIS\DSP_Lib\Source\FilteringFunctions\arm_biquad_cascade_df2T_init_f32.o
LOAD Drivers\CMSIS\DSP_Lib\Source\FilteringFunctions\arm_biquad_cascade_df2T_init_f64.o
LOAD Drivers\CMSIS\DSP_Lib\Source\FilteringFunctions\arm_biquad_cascade_stereo_df2T_f32.o
LOAD Drivers\CMSIS\DSP_Lib\Source\FilteringFunctions\arm_biquad_cascade_stereo_df2T_init_f32.o
LOAD Drivers\CMSIS\DSP_Lib\Source\FilteringFunctions\arm_conv_f32.o
LOAD Drivers\CMSIS\DSP_Lib\Source\FilteringFunctions\arm_conv_fast_opt_q15.o
LOAD Drivers\CMSIS\DSP_Lib\Source\FilteringFunctions\arm_conv_fast_q15.o
LOAD Drivers\CMSIS\DSP_Lib\Source\FilteringFunctions\arm_conv_fast_q31.o
LOAD Drivers\CMSIS\DSP_Lib\Source\FilteringFunctions\arm_conv_opt_q15.o
LOAD Drivers\CMSIS\DSP_Lib\Source\FilteringFunctions\arm_conv_opt_q7.o
LOAD Drivers\CMSIS\DSP_Lib\Source\FilteringFunctions\arm_conv_partial_f32.o
LOAD Drivers\CMSIS\DSP_Lib\Source\FilteringFunctions\arm_conv_partial_fast_opt_q15.o
LOAD Drivers\CMSIS\DSP_Lib\Source\FilteringFunctions\arm_conv_partial_fast_q15.o
LOAD Drivers\CMSIS\DSP_Lib\Source\FilteringFunctions\arm_conv_partial_fast_q31.o
LOAD Drivers\CMSIS\DSP_Lib\Source\FilteringFunctions\arm_conv_partial_opt_q15.o
LOAD Drivers\CMSIS\DSP_Lib\Source\FilteringFunctions\arm_conv_partial_opt_q7.o
LOAD Drivers\CMSIS\DSP_Lib\Source\FilteringFunctions\arm_conv_partial_q15.o
LOAD Drivers\CMSIS\DSP_Lib\Source\FilteringFunctions\arm_conv_partial_q31.o
LOAD Drivers\CMSIS\DSP_Lib\Source\FilteringFunctions\arm_conv_partial_q7.o
LOAD Drivers\CMSIS\DSP_Lib\Source\FilteringFunctions\arm_conv_q15.o
LOAD Drivers\CMSIS\DSP_Lib\Source\FilteringFunctions\arm_conv_q31.o
LOAD Drivers\CMSIS\DSP_Lib\Source\FilteringFunctions\arm_conv_q7.o
LOAD Drivers\CMSIS\DSP_Lib\Source\FilteringFunctions\arm_correlate_f32.o
LOAD Drivers\CMSIS\DSP_Lib\Source\FilteringFunctions\arm_correlate_fast_opt_q15.o
LOAD Drivers\CMSIS\DSP_Lib\Source\FilteringFunctions\arm_correlate_fast_q15.o
LOAD Drivers\CMSIS\DSP_Lib\Source\FilteringFunctions\arm_correlate_fast_q31.o
LOAD Drivers\CMSIS\DSP_Lib\Source\FilteringFunctions\arm_correlate_opt_q15.o
LOAD Drivers\CMSIS\DSP_Lib\Source\FilteringFunctions\arm_correlate_opt_q7.o
LOAD Drivers\CMSIS\DSP_Lib\Source\FilteringFunctions\arm_correlate_q15.o
LOAD Drivers\CMSIS\DSP_Lib\Source\FilteringFunctions\arm_correlate_q31.o
LOAD Drivers\CMSIS\DSP_Lib\Source\FilteringFunctions\arm_correlate_q7.o
LOAD Drivers\CMSIS\DSP_Lib\Source\FilteringFunctions\arm_fir_decimate_f32.o
LOAD Drivers\CMSIS\DSP_Lib\Source\FilteringFunctions\arm_fir_decimate_fast_q15.o
LOAD Drivers\CMSIS\DSP_Lib\Source\FilteringFunctions\arm_fir_decimate_fast_q31.o
LOAD Drivers\CMSIS\DSP_Lib\Source\FilteringFunctions\arm_fir_decimate_init_f32.o
LOAD Drivers\CMSIS\DSP_Lib\Source\FilteringFunctions\arm_fir_decimate_init_q15.o
LOAD Drivers\CMSIS\DSP_Lib\Source\FilteringFunctions\arm_fir_decimate_init_q31.o
LOAD Drivers\CMSIS\DSP_Lib\Source\FilteringFunctions\arm_fir_decimate_q15.o
LOAD Drivers\CMSIS\DSP_Lib\Source\FilteringFunctions\arm_fir_decimate_q31.o
LOAD Drivers\CMSIS\DSP_Lib\Source\FilteringFunctions\arm_fir_f32.o
LOAD Drivers\CMSIS\DSP_Lib\Source\FilteringFunctions\arm_fir_fast_q15.o
LOAD Drivers\CMSIS\DSP_Lib\Source\FilteringFunctions\arm_fir_fast_q31.o
LOAD Drivers\CMSIS\DSP_Lib\Source\FilteringFunctions\arm_fir_init_f32.o
LOAD Drivers\CMSIS\DSP_Lib\Source\FilteringFunctions\arm_fir_init_q15.o
LOAD Drivers\CMSIS\DSP_Lib\Source\FilteringFunctions\arm_fir_init_q31.o
LOAD Drivers\CMSIS\DSP_Lib\Source\FilteringFunctions\arm_fir_init_q7.o
LOAD Drivers\CMSIS\DSP_Lib\Source\FilteringFunctions\arm_fir_interpolate_f32.o
LOAD Drivers\CMSIS\DSP_Lib\Source\FilteringFunctions\arm_fir_interpolate_init_f32.o
LOAD Drivers\CMSIS\DSP_Lib\Source\FilteringFunctions\arm_fir_interpolate_init_q15.o
LOAD Drivers\CMSIS\DSP_Lib\Source\FilteringFunctions\arm_fir_interpolate_init_q31.o
LOAD Drivers\CMSIS\DSP_Lib\Source\FilteringFunctions\arm_fir_interpolate_q15.o
LOAD Drivers\CMSIS\DSP_Lib\Source\FilteringFunctions\arm_fir_interpolate_q31.o
LOAD Drivers\CMSIS\DSP_Lib\Source\FilteringFunctions\arm_fir_lattice_f32.o
LOAD Drivers\CMSIS\DSP_Lib\Source\FilteringFunctions\arm_fir_lattice_init_f32.o
LOAD Drivers\CMSIS\DSP_Lib\Source\FilteringFunctions\arm_fir_lattice_init_q15.o
LOAD Drivers\CMSIS\DSP_Lib\Source\FilteringFunctions\arm_fir_lattice_init_q31.o
LOAD Drivers\CMSIS\DSP_Lib\Source\FilteringFunctions\arm_fir_lattice_q15.o
LOAD Drivers\CMSIS\DSP_Lib\Source\FilteringFunctions\arm_fir_lattice_q31.o
LOAD Drivers\CMSIS\DSP_Lib\Source\FilteringFunctions\arm_fir_q15.o
LOAD Drivers\CMSIS\DSP_Lib\Source\FilteringFunctions\arm_fir_q31.o
LOAD Drivers\CMSIS\DSP_Lib\Source\FilteringFunctions\arm_fir_q7.o
LOAD Drivers\CMSIS\DSP_Lib\Source\FilteringFunctions\arm_fir_sparse_f32.o
LOAD Drivers\CMSIS\DSP_Lib\Source\FilteringFunctions\arm_fir_sparse_init_f32.o
LOAD Drivers\CMSIS\DSP_Lib\Source\FilteringFunctions\arm_fir_sparse_init_q15.o
LOAD Drivers\CMSIS\DSP_Lib\Source\FilteringFunctions\arm_fir_sparse_init_q31.o
LOAD Drivers\CMSIS\DSP_Lib\Source\FilteringFunctions\arm_fir_sparse_init_q7.o
LOAD Drivers\CMSIS\DSP_Lib\Source\FilteringFunctions\arm_fir_sparse_q15.o
LOAD Drivers\CMSIS\DSP_Lib\Source\FilteringFunctions\arm_fir_sparse_q31.o
LOAD Drivers\CMSIS\DSP_Lib\Source\FilteringFunctions\arm_fir_sparse_q7.o
LOAD Drivers\CMSIS\DSP_Lib\Source\FilteringFunctions\arm_iir_lattice_f32.o
LOAD Drivers\CMSIS\DSP_Lib\Source\FilteringFunctions\arm_iir_lattice_init_f32.o
LOAD Drivers\CMSIS\DSP_Lib\Source\FilteringFunctions\arm_iir_lattice_init_q15.o
LOAD Drivers\CMSIS\DSP_Lib\Source\FilteringFunctions\arm_iir_lattice_init_q31.o
LOAD Drivers\CMSIS\DSP_Lib\Source\FilteringFunctions\arm_iir_lattice_q15.o
LOAD Drivers\CMSIS\DSP_Lib\Source\FilteringFunctions\arm_iir_lattice_q31.o
LOAD Drivers\CMSIS\DSP_Lib\Source\FilteringFunctions\arm_lms_f32.o
LOAD Drivers\CMSIS\DSP_Lib\Source\FilteringFunctions\arm_lms_init_f32.o
LOAD Drivers\CMSIS\DSP_Lib\Source\FilteringFunctions\arm_lms_init_q15.o
LOAD Drivers\CMSIS\DSP_Lib\Source\FilteringFunctions\arm_lms_init_q31.o
LOAD Drivers\CMSIS\DSP_Lib\Source\FilteringFunctions\arm_lms_norm_f32.o
LOAD Drivers\CMSIS\DSP_Lib\Source\FilteringFunctions\arm_lms_norm_init_f32.o
LOAD Drivers\CMSIS\DSP_Lib\Source\FilteringFunctions\arm_lms_norm_init_q15.o
LOAD Drivers\CMSIS\DSP_Lib\Source\FilteringFunctions\arm_lms_norm_init_q31.o
LOAD Drivers\CMSIS\DSP_Lib\Source\FilteringFunctions\arm_lms_norm_q15.o
LOAD Drivers\CMSIS\DSP_Lib\Source\FilteringFunctions\arm_lms_norm_q31.o
LOAD Drivers\CMSIS\DSP_Lib\Source\FilteringFunctions\arm_lms_q15.o
LOAD Drivers\CMSIS\DSP_Lib\Source\FilteringFunctions\arm_lms_q31.o
LOAD Drivers\CMSIS\DSP_Lib\Source\MatrixFunctions\arm_mat_add_f32.o
LOAD Drivers\CMSIS\DSP_Lib\Source\MatrixFunctions\arm_mat_add_q15.o
LOAD Drivers\CMSIS\DSP_Lib\Source\MatrixFunctions\arm_mat_add_q31.o
LOAD Drivers\CMSIS\DSP_Lib\Source\MatrixFunctions\arm_mat_cmplx_mult_f32.o
LOAD Drivers\CMSIS\DSP_Lib\Source\MatrixFunctions\arm_mat_cmplx_mult_q15.o
LOAD Drivers\CMSIS\DSP_Lib\Source\MatrixFunctions\arm_mat_cmplx_mult_q31.o
LOAD Drivers\CMSIS\DSP_Lib\Source\MatrixFunctions\arm_mat_init_f32.o
LOAD Drivers\CMSIS\DSP_Lib\Source\MatrixFunctions\arm_mat_init_q15.o
LOAD Drivers\CMSIS\DSP_Lib\Source\MatrixFunctions\arm_mat_init_q31.o
LOAD Drivers\CMSIS\DSP_Lib\Source\MatrixFunctions\arm_mat_inverse_f32.o
LOAD Drivers\CMSIS\DSP_Lib\Source\MatrixFunctions\arm_mat_inverse_f64.o
LOAD Drivers\CMSIS\DSP_Lib\Source\MatrixFunctions\arm_mat_mult_f32.o
LOAD Drivers\CMSIS\DSP_Lib\Source\MatrixFunctions\arm_mat_mult_fast_q15.o
LOAD Drivers\CMSIS\DSP_Lib\Source\MatrixFunctions\arm_mat_mult_fast_q31.o
LOAD Drivers\CMSIS\DSP_Lib\Source\MatrixFunctions\arm_mat_mult_q15.o
LOAD Drivers\CMSIS\DSP_Lib\Source\MatrixFunctions\arm_mat_mult_q31.o
LOAD Drivers\CMSIS\DSP_Lib\Source\MatrixFunctions\arm_mat_scale_f32.o
LOAD Drivers\CMSIS\DSP_Lib\Source\MatrixFunctions\arm_mat_scale_q15.o
LOAD Drivers\CMSIS\DSP_Lib\Source\MatrixFunctions\arm_mat_scale_q31.o
LOAD Drivers\CMSIS\DSP_Lib\Source\MatrixFunctions\arm_mat_sub_f32.o
LOAD Drivers\CMSIS\DSP_Lib\Source\MatrixFunctions\arm_mat_sub_q15.o
LOAD Drivers\CMSIS\DSP_Lib\Source\MatrixFunctions\arm_mat_sub_q31.o
LOAD Drivers\CMSIS\DSP_Lib\Source\MatrixFunctions\arm_mat_trans_f32.o
LOAD Drivers\CMSIS\DSP_Lib\Source\MatrixFunctions\arm_mat_trans_q15.o
LOAD Drivers\CMSIS\DSP_Lib\Source\MatrixFunctions\arm_mat_trans_q31.o
LOAD Drivers\CMSIS\DSP_Lib\Source\StatisticsFunctions\arm_max_f32.o
LOAD Drivers\CMSIS\DSP_Lib\Source\StatisticsFunctions\arm_max_q15.o
LOAD Drivers\CMSIS\DSP_Lib\Source\StatisticsFunctions\arm_max_q31.o
LOAD Drivers\CMSIS\DSP_Lib\Source\StatisticsFunctions\arm_max_q7.o
LOAD Drivers\CMSIS\DSP_Lib\Source\StatisticsFunctions\arm_mean_f32.o
LOAD Drivers\CMSIS\DSP_Lib\Source\StatisticsFunctions\arm_mean_q15.o
LOAD Drivers\CMSIS\DSP_Lib\Source\StatisticsFunctions\arm_mean_q31.o
LOAD Drivers\CMSIS\DSP_Lib\Source\StatisticsFunctions\arm_mean_q7.o
LOAD Drivers\CMSIS\DSP_Lib\Source\StatisticsFunctions\arm_min_f32.o
LOAD Drivers\CMSIS\DSP_Lib\Source\StatisticsFunctions\arm_min_q15.o
LOAD Drivers\CMSIS\DSP_Lib\Source\StatisticsFunctions\arm_min_q31.o
LOAD Drivers\CMSIS\DSP_Lib\Source\StatisticsFunctions\arm_min_q7.o
LOAD Drivers\CMSIS\DSP_Lib\Source\StatisticsFunctions\arm_power_f32.o
LOAD Drivers\CMSIS\DSP_Lib\Source\StatisticsFunctions\arm_power_q15.o
LOAD Drivers\CMSIS\DSP_Lib\Source\StatisticsFunctions\arm_power_q31.o
LOAD Drivers\CMSIS\DSP_Lib\Source\StatisticsFunctions\arm_power_q7.o
LOAD Drivers\CMSIS\DSP_Lib\Source\StatisticsFunctions\arm_rms_f32.o
LOAD Drivers\CMSIS\DSP_Lib\Source\StatisticsFunctions\arm_rms_q15.o
LOAD Drivers\CMSIS\DSP_Lib\Source\StatisticsFunctions\arm_rms_q31.o
LOAD Drivers\CMSIS\DSP_Lib\Source\StatisticsFunctions\arm_std_f32.o
LOAD Drivers\CMSIS\DSP_Lib\Source\StatisticsFunctions\arm_std_q15.o
LOAD Drivers\CMSIS\DSP_Lib\Source\StatisticsFunctions\arm_std_q31.o
LOAD Drivers\CMSIS\DSP_Lib\Source\StatisticsFunctions\arm_var_f32.o
LOAD Drivers\CMSIS\DSP_Lib\Source\StatisticsFunctions\arm_var_q15.o
LOAD Drivers\CMSIS\DSP_Lib\Source\StatisticsFunctions\arm_var_q31.o
LOAD Drivers\CMSIS\DSP_Lib\Source\SupportFunctions\arm_copy_f32.o
LOAD Drivers\CMSIS\DSP_Lib\Source\SupportFunctions\arm_copy_q15.o
LOAD Drivers\CMSIS\DSP_Lib\Source\SupportFunctions\arm_copy_q31.o
LOAD Drivers\CMSIS\DSP_Lib\Source\SupportFunctions\arm_copy_q7.o
LOAD Drivers\CMSIS\DSP_Lib\Source\SupportFunctions\arm_fill_f32.o
LOAD Drivers\CMSIS\DSP_Lib\Source\SupportFunctions\arm_fill_q15.o
LOAD Drivers\CMSIS\DSP_Lib\Source\SupportFunctions\arm_fill_q31.o
LOAD Drivers\CMSIS\DSP_Lib\Source\SupportFunctions\arm_fill_q7.o
LOAD Drivers\CMSIS\DSP_Lib\Source\SupportFunctions\arm_float_to_q15.o
LOAD Drivers\CMSIS\DSP_Lib\Source\SupportFunctions\arm_float_to_q31.o
LOAD Drivers\CMSIS\DSP_Lib\Source\SupportFunctions\arm_float_to_q7.o
LOAD Drivers\CMSIS\DSP_Lib\Source\SupportFunctions\arm_q15_to_float.o
LOAD Drivers\CMSIS\DSP_Lib\Source\SupportFunctions\arm_q15_to_q31.o
LOAD Drivers\CMSIS\DSP_Lib\Source\SupportFunctions\arm_q15_to_q7.o
LOAD Drivers\CMSIS\DSP_Lib\Source\SupportFunctions\arm_q31_to_float.o
LOAD Drivers\CMSIS\DSP_Lib\Source\SupportFunctions\arm_q31_to_q15.o
LOAD Drivers\CMSIS\DSP_Lib\Source\SupportFunctions\arm_q31_to_q7.o
LOAD Drivers\CMSIS\DSP_Lib\Source\SupportFunctions\arm_q7_to_float.o
LOAD Drivers\CMSIS\DSP_Lib\Source\SupportFunctions\arm_q7_to_q15.o
LOAD Drivers\CMSIS\DSP_Lib\Source\SupportFunctions\arm_q7_to_q31.o
LOAD Drivers\CMSIS\DSP_Lib\Source\TransformFunctions\arm_bitreversal.o
LOAD Drivers\CMSIS\DSP_Lib\Source\TransformFunctions\arm_cfft_f32.o
LOAD Drivers\CMSIS\DSP_Lib\Source\TransformFunctions\arm_cfft_q15.o
LOAD Drivers\CMSIS\DSP_Lib\Source\TransformFunctions\arm_cfft_q31.o
LOAD Drivers\CMSIS\DSP_Lib\Source\TransformFunctions\arm_cfft_radix2_f32.o
LOAD Drivers\CMSIS\DSP_Lib\Source\TransformFunctions\arm_cfft_radix2_init_f32.o
LOAD Drivers\CMSIS\DSP_Lib\Source\TransformFunctions\arm_cfft_radix2_init_q15.o
LOAD Drivers\CMSIS\DSP_Lib\Source\TransformFunctions\arm_cfft_radix2_init_q31.o
LOAD Drivers\CMSIS\DSP_Lib\Source\TransformFunctions\arm_cfft_radix2_q15.o
LOAD Drivers\CMSIS\DSP_Lib\Source\TransformFunctions\arm_cfft_radix2_q31.o
LOAD Drivers\CMSIS\DSP_Lib\Source\TransformFunctions\arm_cfft_radix4_f32.o
LOAD Drivers\CMSIS\DSP_Lib\Source\TransformFunctions\arm_cfft_radix4_init_f32.o
LOAD Drivers\CMSIS\DSP_Lib\Source\TransformFunctions\arm_cfft_radix4_init_q15.o
LOAD Drivers\CMSIS\DSP_Lib\Source\TransformFunctions\arm_cfft_radix4_init_q31.o
LOAD Drivers\CMSIS\DSP_Lib\Source\TransformFunctions\arm_cfft_radix4_q15.o
LOAD Drivers\CMSIS\DSP_Lib\Source\TransformFunctions\arm_cfft_radix4_q31.o
LOAD Drivers\CMSIS\DSP_Lib\Source\TransformFunctions\arm_cfft_radix8_f32.o
LOAD Drivers\CMSIS\DSP_Lib\Source\TransformFunctions\arm_dct4_f32.o
LOAD Drivers\CMSIS\DSP_Lib\Source\TransformFunctions\arm_dct4_init_f32.o
LOAD Drivers\CMSIS\DSP_Lib\Source\TransformFunctions\arm_dct4_init_q15.o
LOAD Drivers\CMSIS\DSP_Lib\Source\TransformFunctions\arm_dct4_init_q31.o
LOAD Drivers\CMSIS\DSP_Lib\Source\TransformFunctions\arm_dct4_q15.o
LOAD Drivers\CMSIS\DSP_Lib\Source\TransformFunctions\arm_dct4_q31.o
LOAD Drivers\CMSIS\DSP_Lib\Source\TransformFunctions\arm_rfft_f32.o
LOAD Drivers\CMSIS\DSP_Lib\Source\TransformFunctions\arm_rfft_fast_f32.o
LOAD Drivers\CMSIS\DSP_Lib\Source\TransformFunctions\arm_rfft_fast_init_f32.o
LOAD Drivers\CMSIS\DSP_Lib\Source\TransformFunctions\arm_rfft_init_f32.o
LOAD Drivers\CMSIS\DSP_Lib\Source\TransformFunctions\arm_rfft_init_q15.o
LOAD Drivers\CMSIS\DSP_Lib\Source\TransformFunctions\arm_rfft_init_q31.o
LOAD Drivers\CMSIS\DSP_Lib\Source\TransformFunctions\arm_rfft_q15.o
LOAD Drivers\CMSIS\DSP_Lib\Source\TransformFunctions\arm_rfft_q31.o
LOAD Drivers\STM32F1xx_HAL_Driver\Src\stm32f1xx_hal.o
LOAD Drivers\STM32F1xx_HAL_Driver\Src\stm32f1xx_hal_adc.o
LOAD Drivers\STM32F1xx_HAL_Driver\Src\stm32f1xx_hal_adc_ex.o
LOAD Drivers\STM32F1xx_HAL_Driver\Src\stm32f1xx_hal_cortex.o
LOAD Drivers\STM32F1xx_HAL_Driver\Src\stm32f1xx_hal_crc.o
LOAD Drivers\STM32F1xx_HAL_Driver\Src\stm32f1xx_hal_dma.o
LOAD Drivers\STM32F1xx_HAL_Driver\Src\stm32f1xx_hal_flash.o
LOAD Drivers\STM32F1xx_HAL_Driver\Src\stm32f1xx_hal_flash_ex.o
LOAD Drivers\STM32F1xx_HAL_Driver\Src\stm32f1xx_hal_gpio.o
LOAD Drivers\STM32F1xx_HAL_Driver\Src\stm32f1xx_hal_gpio_ex.o
LOAD Drivers\STM32F1xx_HAL_Driver\Src\stm32f1xx_hal_i2c.o
LOAD Drivers\STM32F1xx_HAL_Driver\Src\stm32f1xx_hal_pwr.o
LOAD Drivers\STM32F1xx_HAL_Driver\Src\stm32f1xx_hal_rcc.o
LOAD Drivers\STM32F1xx_HAL_Driver\Src\stm32f1xx_hal_rcc_ex.o
LOAD Drivers\STM32F1xx_HAL_Driver\Src\stm32f1xx_hal_rtc.o
LOAD Drivers\STM32F1xx_HAL_Driver\Src\stm32f1xx_hal_rtc_ex.o
LOAD Drivers\STM32F1xx_HAL_Driver\Src\stm32f1xx_hal_tim.o
LOAD Drivers\STM32F1xx_HAL_Driver\Src\stm32f1xx_hal_tim_ex.o
LOAD Inc\u8g2\u8g2_bitmap.o
LOAD Inc\u8g2\u8g2_box.o
LOAD Inc\u8g2\u8g2_buffer.o
LOAD Inc\u8g2\u8g2_circle.o
LOAD Inc\u8g2\u8g2_cleardisplay.o
LOAD Inc\u8g2\u8g2_d_memory.o
LOAD Inc\u8g2\u8g2_d_setup.o
LOAD Inc\u8g2\u8g2_font.o
LOAD Inc\u8g2\u8g2_fonts.o
LOAD Inc\u8g2\u8g2_hvline.o
LOAD Inc\u8g2\u8g2_input_value.o
LOAD Inc\u8g2\u8g2_intersection.o
LOAD Inc\u8g2\u8g2_kerning.o
LOAD Inc\u8g2\u8g2_line.o
LOAD Inc\u8g2\u8g2_ll_hvline.o
LOAD Inc\u8g2\u8g2_message.o
LOAD Inc\u8g2\u8g2_polygon.o
LOAD Inc\u8g2\u8g2_selection_list.o
LOAD Inc\u8g2\u8g2_setup.o
LOAD Inc\u8g2\u8log.o
LOAD Inc\u8g2\u8log_u8g2.o
LOAD Inc\u8g2\u8log_u8x8.o
LOAD Inc\u8g2\u8x8_8x8.o
LOAD Inc\u8g2\u8x8_byte.o
LOAD Inc\u8g2\u8x8_cad.o
LOAD Inc\u8g2\u8x8_d_a2printer.o
LOAD Inc\u8g2\u8x8_d_il3820_296x128.o
LOAD Inc\u8g2\u8x8_d_ist3020.o
LOAD Inc\u8g2\u8x8_d_ks0108.o
LOAD Inc\u8g2\u8x8_d_lc7981.o
LOAD Inc\u8g2\u8x8_d_ld7032_60x32.o
LOAD Inc\u8g2\u8x8_d_ls013b7dh03.o
LOAD Inc\u8g2\u8x8_d_max7219.o
LOAD Inc\u8g2\u8x8_d_pcd8544_84x48.o
LOAD Inc\u8g2\u8x8_d_pcf8812.o
LOAD Inc\u8g2\u8x8_d_pcf8814_hx1230.o
LOAD Inc\u8g2\u8x8_d_sbn1661.o
LOAD Inc\u8g2\u8x8_d_sed1330.o
LOAD Inc\u8g2\u8x8_d_sh1106_64x32.o
LOAD Inc\u8g2\u8x8_d_sh1106_72x40.o
LOAD Inc\u8g2\u8x8_d_sh1107.o
LOAD Inc\u8g2\u8x8_d_sh1108.o
LOAD Inc\u8g2\u8x8_d_sh1122.o
LOAD Inc\u8g2\u8x8_d_ssd1305.o
LOAD Inc\u8g2\u8x8_d_ssd1306_128x32.o
LOAD Inc\u8g2\u8x8_d_ssd1306_128x64_noname.o
LOAD Inc\u8g2\u8x8_d_ssd1306_48x64.o
LOAD Inc\u8g2\u8x8_d_ssd1306_64x32.o
LOAD Inc\u8g2\u8x8_d_ssd1306_64x48.o
LOAD Inc\u8g2\u8x8_d_ssd1306_96x16.o
LOAD Inc\u8g2\u8x8_d_ssd1309.o
LOAD Inc\u8g2\u8x8_d_ssd1317.o
LOAD Inc\u8g2\u8x8_d_ssd1322.o
LOAD Inc\u8g2\u8x8_d_ssd1325.o
LOAD Inc\u8g2\u8x8_d_ssd1326.o
LOAD Inc\u8g2\u8x8_d_ssd1327.o
LOAD Inc\u8g2\u8x8_d_ssd1329.o
LOAD Inc\u8g2\u8x8_d_ssd1606_172x72.o
LOAD Inc\u8g2\u8x8_d_ssd1607_200x200.o
LOAD Inc\u8g2\u8x8_d_st75256.o
LOAD Inc\u8g2\u8x8_d_st7565.o
LOAD Inc\u8g2\u8x8_d_st7567.o
LOAD Inc\u8g2\u8x8_d_st7586s_erc240160.o
LOAD Inc\u8g2\u8x8_d_st7586s_s028hn118a.o
LOAD Inc\u8g2\u8x8_d_st7588.o
LOAD Inc\u8g2\u8x8_d_st7920.o
LOAD Inc\u8g2\u8x8_d_stdio.o
LOAD Inc\u8g2\u8x8_d_t6963.o
LOAD Inc\u8g2\u8x8_d_uc1601.o
LOAD Inc\u8g2\u8x8_d_uc1604.o
LOAD Inc\u8g2\u8x8_d_uc1608.o
LOAD Inc\u8g2\u8x8_d_uc1610.o
LOAD Inc\u8g2\u8x8_d_uc1611.o
LOAD Inc\u8g2\u8x8_d_uc1617.o
LOAD Inc\u8g2\u8x8_d_uc1638.o
LOAD Inc\u8g2\u8x8_d_uc1701_dogs102.o
LOAD Inc\u8g2\u8x8_d_uc1701_mini12864.o
LOAD Inc\u8g2\u8x8_debounce.o
LOAD Inc\u8g2\u8x8_display.o
LOAD Inc\u8g2\u8x8_fonts.o
LOAD Inc\u8g2\u8x8_gpio.o
LOAD Inc\u8g2\u8x8_input_value.o
LOAD Inc\u8g2\u8x8_message.o
LOAD Inc\u8g2\u8x8_selection_list.o
LOAD Inc\u8g2\u8x8_setup.o
LOAD Inc\u8g2\u8x8_string.o
LOAD Inc\u8g2\u8x8_u16toa.o
LOAD Inc\u8g2\u8x8_u8toa.o
LOAD Src\fonts.o
LOAD Src\main.o
LOAD Src\ssd1306.o
LOAD Src\stm32f1xx_hal_msp.o
LOAD Src\stm32f1xx_it.o
LOAD Src\system_stm32f1xx.o
LOAD startup\startup_stm32f103xb.o
                0x00000080                malloc_getpagesize_P = 0x80
START GROUP
LOAD c:/program files (x86)/atollic/truestudio for stm32 9.2.0/armtools/bin/../lib/gcc/arm-atollic-eabi/6.3.1/../../../../arm-atollic-eabi/lib/armv7-m\libc_nano.a
LOAD c:/program files (x86)/atollic/truestudio for stm32 9.2.0/armtools/bin/../lib/gcc/arm-atollic-eabi/6.3.1/../../../../arm-atollic-eabi/lib/armv7-m\libm.a
END GROUP
START GROUP
LOAD c:/program files (x86)/atollic/truestudio for stm32 9.2.0/armtools/bin/../lib/gcc/arm-atollic-eabi/6.3.1/armv7-m\libgcc.a
LOAD c:/program files (x86)/atollic/truestudio for stm32 9.2.0/armtools/bin/../lib/gcc/arm-atollic-eabi/6.3.1/../../../../arm-atollic-eabi/lib/armv7-m\libc_nano.a
END GROUP
START GROUP
LOAD c:/program files (x86)/atollic/truestudio for stm32 9.2.0/armtools/bin/../lib/gcc/arm-atollic-eabi/6.3.1/armv7-m\libgcc.a
LOAD c:/program files (x86)/atollic/truestudio for stm32 9.2.0/armtools/bin/../lib/gcc/arm-atollic-eabi/6.3.1/../../../../arm-atollic-eabi/lib/armv7-m\libc_nano.a
LOAD c:/program files (x86)/atollic/truestudio for stm32 9.2.0/armtools/bin/../lib/gcc/arm-atollic-eabi/6.3.1/../../../../arm-atollic-eabi/lib/armv7-m\libnosys.a
END GROUP
START GROUP
LOAD c:/program files (x86)/atollic/truestudio for stm32 9.2.0/armtools/bin/../lib/gcc/arm-atollic-eabi/6.3.1/armv7-m\libgcc.a
LOAD c:/program files (x86)/atollic/truestudio for stm32 9.2.0/armtools/bin/../lib/gcc/arm-atollic-eabi/6.3.1/../../../../arm-atollic-eabi/lib/armv7-m\libc_nano.a
LOAD c:/program files (x86)/atollic/truestudio for stm32 9.2.0/armtools/bin/../lib/gcc/arm-atollic-eabi/6.3.1/../../../../arm-atollic-eabi/lib/armv7-m\libnosys.a
END GROUP
LOAD c:/program files (x86)/atollic/truestudio for stm32 9.2.0/armtools/bin/../lib/gcc/arm-atollic-eabi/6.3.1/armv7-m/crtend.o
LOAD c:/program files (x86)/atollic/truestudio for stm32 9.2.0/armtools/bin/../lib/gcc/arm-atollic-eabi/6.3.1/armv7-m/crtn.o
                0x20005000                _estack = 0x20005000
                0x00000200                _Min_Heap_Size = 0x200
                0x00000400                _Min_Stack_Size = 0x400

.isr_vector     0x08000000      0x10c
                0x08000000                . = ALIGN (0x4)
 *(.isr_vector)
 .isr_vector    0x08000000      0x10c startup\startup_stm32f103xb.o
                0x08000000                g_pfnVectors
                0x0800010c                . = ALIGN (0x4)

.text           0x08000110     0x7ae8
                0x08000110                . = ALIGN (0x4)
 *(.text)
 .text          0x08000110       0x40 c:/program files (x86)/atollic/truestudio for stm32 9.2.0/armtools/bin/../lib/gcc/arm-atollic-eabi/6.3.1/armv7-m/crtbegin.o
 .text          0x08000150      0x370 c:/program files (x86)/atollic/truestudio for stm32 9.2.0/armtools/bin/../lib/gcc/arm-atollic-eabi/6.3.1/armv7-m\libgcc.a(_arm_addsubdf3.o)
                0x08000150                __aeabi_drsub
                0x08000158                __subdf3
                0x08000158                __aeabi_dsub
                0x0800015c                __aeabi_dadd
                0x0800015c                __adddf3
                0x080003d4                __floatunsidf
                0x080003d4                __aeabi_ui2d
                0x080003f4                __aeabi_i2d
                0x080003f4                __floatsidf
                0x08000418                __extendsfdf2
                0x08000418                __aeabi_f2d
                0x08000454                __floatundidf
                0x08000454                __aeabi_ul2d
                0x08000464                __aeabi_l2d
                0x08000464                __floatdidf
 .text          0x080004c0      0x424 c:/program files (x86)/atollic/truestudio for stm32 9.2.0/armtools/bin/../lib/gcc/arm-atollic-eabi/6.3.1/armv7-m\libgcc.a(_arm_muldivdf3.o)
                0x080004c0                __aeabi_dmul
                0x080004c0                __muldf3
                0x08000714                __divdf3
                0x08000714                __aeabi_ddiv
 .text          0x080008e4      0x110 c:/program files (x86)/atollic/truestudio for stm32 9.2.0/armtools/bin/../lib/gcc/arm-atollic-eabi/6.3.1/armv7-m\libgcc.a(_arm_cmpdf2.o)
                0x080008e4                __gtdf2
                0x080008e4                __gedf2
                0x080008ec                __ltdf2
                0x080008ec                __ledf2
                0x080008f4                __nedf2
                0x080008f4                __cmpdf2
                0x080008f4                __eqdf2
                0x08000970                __aeabi_cdrcmple
                0x08000980                __aeabi_cdcmple
                0x08000980                __aeabi_cdcmpeq
                0x08000990                __aeabi_dcmpeq
                0x080009a4                __aeabi_dcmplt
                0x080009b8                __aeabi_dcmple
                0x080009cc                __aeabi_dcmpge
                0x080009e0                __aeabi_dcmpgt
 .text          0x080009f4       0x2c c:/program files (x86)/atollic/truestudio for stm32 9.2.0/armtools/bin/../lib/gcc/arm-atollic-eabi/6.3.1/armv7-m\libgcc.a(_arm_unorddf2.o)
                0x080009f4                __unorddf2
                0x080009f4                __aeabi_dcmpun
 .text          0x08000a20       0x50 c:/program files (x86)/atollic/truestudio for stm32 9.2.0/armtools/bin/../lib/gcc/arm-atollic-eabi/6.3.1/armv7-m\libgcc.a(_arm_fixdfsi.o)
                0x08000a20                __fixdfsi
                0x08000a20                __aeabi_d2iz
 .text          0x08000a70       0xa0 c:/program files (x86)/atollic/truestudio for stm32 9.2.0/armtools/bin/../lib/gcc/arm-atollic-eabi/6.3.1/armv7-m\libgcc.a(_arm_truncdfsf2.o)
                0x08000a70                __truncdfsf2
                0x08000a70                __aeabi_d2f
 .text          0x08000b10      0x21c c:/program files (x86)/atollic/truestudio for stm32 9.2.0/armtools/bin/../lib/gcc/arm-atollic-eabi/6.3.1/armv7-m\libgcc.a(_arm_addsubsf3.o)
                0x08000b10                __aeabi_frsub
                0x08000b18                __subsf3
                0x08000b18                __aeabi_fsub
                0x08000b1c                __addsf3
                0x08000b1c                __aeabi_fadd
                0x08000c7c                __aeabi_ui2f
                0x08000c7c                __floatunsisf
                0x08000c84                __floatsisf
                0x08000c84                __aeabi_i2f
                0x08000ca0                __aeabi_ul2f
                0x08000ca0                __floatundisf
                0x08000cb0                __aeabi_l2f
                0x08000cb0                __floatdisf
 .text          0x08000d2c      0x2a0 c:/program files (x86)/atollic/truestudio for stm32 9.2.0/armtools/bin/../lib/gcc/arm-atollic-eabi/6.3.1/armv7-m\libgcc.a(_arm_muldivsf3.o)
                0x08000d2c                __aeabi_fmul
                0x08000d2c                __mulsf3
                0x08000e94                __divsf3
                0x08000e94                __aeabi_fdiv
 .text          0x08000fcc       0xec c:/program files (x86)/atollic/truestudio for stm32 9.2.0/armtools/bin/../lib/gcc/arm-atollic-eabi/6.3.1/armv7-m\libgcc.a(_arm_cmpsf2.o)
                0x08000fcc                __gtsf2
                0x08000fcc                __gesf2
                0x08000fd4                __lesf2
                0x08000fd4                __ltsf2
                0x08000fdc                __cmpsf2
                0x08000fdc                __eqsf2
                0x08000fdc                __nesf2
                0x0800103c                __aeabi_cfrcmple
                0x08001044                __aeabi_cfcmpeq
                0x08001044                __aeabi_cfcmple
                0x08001054                __aeabi_fcmpeq
                0x08001068                __aeabi_fcmplt
                0x0800107c                __aeabi_fcmple
                0x08001090                __aeabi_fcmpge
                0x080010a4                __aeabi_fcmpgt
 .text          0x080010b8       0x4c c:/program files (x86)/atollic/truestudio for stm32 9.2.0/armtools/bin/../lib/gcc/arm-atollic-eabi/6.3.1/armv7-m\libgcc.a(_arm_fixsfsi.o)
                0x080010b8                __aeabi_f2iz
                0x080010b8                __fixsfsi
 *(.text*)
 .text.arm_pid_init_f32
                0x08001104       0x3e Drivers\CMSIS\DSP_Lib\Source\ControllerFunctions\arm_pid_init_f32.o
                0x08001104                arm_pid_init_f32
 .text.arm_pid_reset_f32
                0x08001142        0xa Drivers\CMSIS\DSP_Lib\Source\ControllerFunctions\arm_pid_reset_f32.o
                0x08001142                arm_pid_reset_f32
 .text.HAL_InitTick
                0x0800114c       0x48 Drivers\STM32F1xx_HAL_Driver\Src\stm32f1xx_hal.o
                0x0800114c                HAL_InitTick
 .text.HAL_Init
                0x08001194       0x24 Drivers\STM32F1xx_HAL_Driver\Src\stm32f1xx_hal.o
                0x08001194                HAL_Init
 .text.HAL_IncTick
                0x080011b8       0x18 Drivers\STM32F1xx_HAL_Driver\Src\stm32f1xx_hal.o
                0x080011b8                HAL_IncTick
 .text.HAL_GetTick
                0x080011d0        0xc Drivers\STM32F1xx_HAL_Driver\Src\stm32f1xx_hal.o
                0x080011d0                HAL_GetTick
 .text.HAL_ADC_PollForConversion
                0x080011dc      0x160 Drivers\STM32F1xx_HAL_Driver\Src\stm32f1xx_hal_adc.o
                0x080011dc                HAL_ADC_PollForConversion
 .text.ADC_Enable
                0x0800133c       0x70 Drivers\STM32F1xx_HAL_Driver\Src\stm32f1xx_hal_adc.o
                0x0800133c                ADC_Enable
 .text.ADC_ConversionStop_Disable
                0x080013ac       0x44 Drivers\STM32F1xx_HAL_Driver\Src\stm32f1xx_hal_adc.o
                0x080013ac                ADC_ConversionStop_Disable
 .text.HAL_ADC_Init
                0x080013f0      0x1b8 Drivers\STM32F1xx_HAL_Driver\Src\stm32f1xx_hal_adc.o
                0x080013f0                HAL_ADC_Init
 .text.HAL_ADCEx_InjectedStart
                0x080015a8       0xcc Drivers\STM32F1xx_HAL_Driver\Src\stm32f1xx_hal_adc_ex.o
                0x080015a8                HAL_ADCEx_InjectedStart
 .text.HAL_ADCEx_InjectedStop
                0x08001674       0x74 Drivers\STM32F1xx_HAL_Driver\Src\stm32f1xx_hal_adc_ex.o
                0x08001674                HAL_ADCEx_InjectedStop
 .text.HAL_ADCEx_InjectedGetValue
                0x080016e8       0x58 Drivers\STM32F1xx_HAL_Driver\Src\stm32f1xx_hal_adc_ex.o
                0x080016e8                HAL_ADCEx_InjectedGetValue
 .text.HAL_ADCEx_InjectedConfigChannel
                0x08001740      0x284 Drivers\STM32F1xx_HAL_Driver\Src\stm32f1xx_hal_adc_ex.o
                0x08001740                HAL_ADCEx_InjectedConfigChannel
 .text.HAL_NVIC_SetPriorityGrouping
                0x080019c4       0x3c Drivers\STM32F1xx_HAL_Driver\Src\stm32f1xx_hal_cortex.o
                0x080019c4                HAL_NVIC_SetPriorityGrouping
 .text.HAL_NVIC_SetPriority
                0x08001a00       0x84 Drivers\STM32F1xx_HAL_Driver\Src\stm32f1xx_hal_cortex.o
                0x08001a00                HAL_NVIC_SetPriority
 .text.HAL_NVIC_EnableIRQ
                0x08001a84       0x2c Drivers\STM32F1xx_HAL_Driver\Src\stm32f1xx_hal_cortex.o
                0x08001a84                HAL_NVIC_EnableIRQ
 .text.HAL_SYSTICK_Config
                0x08001ab0       0x2c Drivers\STM32F1xx_HAL_Driver\Src\stm32f1xx_hal_cortex.o
                0x08001ab0                HAL_SYSTICK_Config
 .text.HAL_CRC_Init
                0x08001adc       0x3c Drivers\STM32F1xx_HAL_Driver\Src\stm32f1xx_hal_crc.o
                0x08001adc                HAL_CRC_Init
 .text.HAL_GPIO_Init
                0x08001b18      0x2d8 Drivers\STM32F1xx_HAL_Driver\Src\stm32f1xx_hal_gpio.o
                0x08001b18                HAL_GPIO_Init
 .text.HAL_GPIO_ReadPin
                0x08001df0       0x24 Drivers\STM32F1xx_HAL_Driver\Src\stm32f1xx_hal_gpio.o
                0x08001df0                HAL_GPIO_ReadPin
 .text.HAL_GPIO_WritePin
                0x08001e14       0x34 Drivers\STM32F1xx_HAL_Driver\Src\stm32f1xx_hal_gpio.o
                0x08001e14                HAL_GPIO_WritePin
 .text.HAL_GPIO_TogglePin
                0x08001e48       0x20 Drivers\STM32F1xx_HAL_Driver\Src\stm32f1xx_hal_gpio.o
                0x08001e48                HAL_GPIO_TogglePin
 .text.HAL_GPIO_EXTI_IRQHandler
                0x08001e68       0x18 Drivers\STM32F1xx_HAL_Driver\Src\stm32f1xx_hal_gpio.o
                0x08001e68                HAL_GPIO_EXTI_IRQHandler
 .text.I2C_IsAcknowledgeFailed
                0x08001e80       0x2a Drivers\STM32F1xx_HAL_Driver\Src\stm32f1xx_hal_i2c.o
 .text.I2C_WaitOnMasterAddressFlagUntilTimeout
                0x08001eaa       0x80 Drivers\STM32F1xx_HAL_Driver\Src\stm32f1xx_hal_i2c.o
 .text.I2C_WaitOnFlagUntilTimeout
                0x08001f2a       0x5c Drivers\STM32F1xx_HAL_Driver\Src\stm32f1xx_hal_i2c.o
 .text.I2C_WaitOnTXEFlagUntilTimeout
                0x08001f86       0x4c Drivers\STM32F1xx_HAL_Driver\Src\stm32f1xx_hal_i2c.o
 *fill*         0x08001fd2        0x2 
 .text.I2C_RequestMemoryWrite
                0x08001fd4       0xa4 Drivers\STM32F1xx_HAL_Driver\Src\stm32f1xx_hal_i2c.o
 .text.I2C_RequestMemoryRead
                0x08002078       0xf4 Drivers\STM32F1xx_HAL_Driver\Src\stm32f1xx_hal_i2c.o
 .text.I2C_WaitOnRXNEFlagUntilTimeout
                0x0800216c       0x5a Drivers\STM32F1xx_HAL_Driver\Src\stm32f1xx_hal_i2c.o
 .text.I2C_WaitOnBTFFlagUntilTimeout
                0x080021c6       0x4c Drivers\STM32F1xx_HAL_Driver\Src\stm32f1xx_hal_i2c.o
 *fill*         0x08002212        0x2 
 .text.HAL_I2C_Init
                0x08002214      0x1c0 Drivers\STM32F1xx_HAL_Driver\Src\stm32f1xx_hal_i2c.o
                0x08002214                HAL_I2C_Init
 .text.HAL_I2C_Master_Transmit
                0x080023d4      0x1ac Drivers\STM32F1xx_HAL_Driver\Src\stm32f1xx_hal_i2c.o
                0x080023d4                HAL_I2C_Master_Transmit
 .text.HAL_I2C_Mem_Write
                0x08002580      0x148 Drivers\STM32F1xx_HAL_Driver\Src\stm32f1xx_hal_i2c.o
                0x08002580                HAL_I2C_Mem_Write
 .text.HAL_I2C_Mem_Read
                0x080026c8      0x258 Drivers\STM32F1xx_HAL_Driver\Src\stm32f1xx_hal_i2c.o
                0x080026c8                HAL_I2C_Mem_Read
 .text.HAL_I2C_GetState
                0x08002920        0x6 Drivers\STM32F1xx_HAL_Driver\Src\stm32f1xx_hal_i2c.o
                0x08002920                HAL_I2C_GetState
 *fill*         0x08002926        0x2 
 .text.HAL_PWR_EnableBkUpAccess
                0x08002928        0xc Drivers\STM32F1xx_HAL_Driver\Src\stm32f1xx_hal_pwr.o
                0x08002928                HAL_PWR_EnableBkUpAccess
 .text.HAL_RCC_OscConfig
                0x08002934      0x404 Drivers\STM32F1xx_HAL_Driver\Src\stm32f1xx_hal_rcc.o
                0x08002934                HAL_RCC_OscConfig
 .text.HAL_RCC_EnableCSS
                0x08002d38        0xc Drivers\STM32F1xx_HAL_Driver\Src\stm32f1xx_hal_rcc.o
                0x08002d38                HAL_RCC_EnableCSS
 .text.HAL_RCC_GetSysClockFreq
                0x08002d44       0x78 Drivers\STM32F1xx_HAL_Driver\Src\stm32f1xx_hal_rcc.o
                0x08002d44                HAL_RCC_GetSysClockFreq
 .text.HAL_RCC_ClockConfig
                0x08002dbc      0x220 Drivers\STM32F1xx_HAL_Driver\Src\stm32f1xx_hal_rcc.o
                0x08002dbc                HAL_RCC_ClockConfig
 .text.HAL_RCC_GetPCLK1Freq
                0x08002fdc       0x20 Drivers\STM32F1xx_HAL_Driver\Src\stm32f1xx_hal_rcc.o
                0x08002fdc                HAL_RCC_GetPCLK1Freq
 .text.HAL_RCC_GetPCLK2Freq
                0x08002ffc       0x20 Drivers\STM32F1xx_HAL_Driver\Src\stm32f1xx_hal_rcc.o
                0x08002ffc                HAL_RCC_GetPCLK2Freq
 .text.HAL_RCC_CSSCallback
                0x0800301c        0x2 Drivers\STM32F1xx_HAL_Driver\Src\stm32f1xx_hal_rcc.o
                0x0800301c                HAL_RCC_CSSCallback
 *fill*         0x0800301e        0x2 
 .text.HAL_RCC_NMI_IRQHandler
                0x08003020       0x20 Drivers\STM32F1xx_HAL_Driver\Src\stm32f1xx_hal_rcc.o
                0x08003020                HAL_RCC_NMI_IRQHandler
 .text.HAL_RCCEx_PeriphCLKConfig
                0x08003040      0x138 Drivers\STM32F1xx_HAL_Driver\Src\stm32f1xx_hal_rcc_ex.o
                0x08003040                HAL_RCCEx_PeriphCLKConfig
 .text.HAL_RCCEx_GetPeriphCLKFreq
                0x08003178      0x100 Drivers\STM32F1xx_HAL_Driver\Src\stm32f1xx_hal_rcc_ex.o
                0x08003178                HAL_RCCEx_GetPeriphCLKFreq
 .text.RTC_ReadTimeCounter
                0x08003278       0x24 Drivers\STM32F1xx_HAL_Driver\Src\stm32f1xx_hal_rtc.o
 .text.RTC_ReadAlarmCounter
                0x0800329c        0xe Drivers\STM32F1xx_HAL_Driver\Src\stm32f1xx_hal_rtc.o
 .text.RTC_Bcd2ToByte
                0x080032aa       0x10 Drivers\STM32F1xx_HAL_Driver\Src\stm32f1xx_hal_rtc.o
 .text.RTC_WeekDayNum
                0x080032ba       0x6e Drivers\STM32F1xx_HAL_Driver\Src\stm32f1xx_hal_rtc.o
 .text.RTC_EnterInitMode
                0x08003328       0x2e Drivers\STM32F1xx_HAL_Driver\Src\stm32f1xx_hal_rtc.o
 .text.RTC_ExitInitMode
                0x08003356       0x30 Drivers\STM32F1xx_HAL_Driver\Src\stm32f1xx_hal_rtc.o
 .text.RTC_WriteTimeCounter
                0x08003386       0x28 Drivers\STM32F1xx_HAL_Driver\Src\stm32f1xx_hal_rtc.o
 .text.RTC_WriteAlarmCounter
                0x080033ae       0x28 Drivers\STM32F1xx_HAL_Driver\Src\stm32f1xx_hal_rtc.o
 *fill*         0x080033d6        0x2 
 .text.HAL_RTC_SetTime
                0x080033d8      0x12c Drivers\STM32F1xx_HAL_Driver\Src\stm32f1xx_hal_rtc.o
                0x080033d8                HAL_RTC_SetTime
 .text.HAL_RTC_SetDate
                0x08003504      0x144 Drivers\STM32F1xx_HAL_Driver\Src\stm32f1xx_hal_rtc.o
                0x08003504                HAL_RTC_SetDate
 .text.HAL_RTC_WaitForSynchro
                0x08003648       0x36 Drivers\STM32F1xx_HAL_Driver\Src\stm32f1xx_hal_rtc.o
                0x08003648                HAL_RTC_WaitForSynchro
 *fill*         0x0800367e        0x2 
 .text.HAL_RTC_Init
                0x08003680       0xec Drivers\STM32F1xx_HAL_Driver\Src\stm32f1xx_hal_rtc.o
                0x08003680                HAL_RTC_Init
 .text.TIM_OC1_SetConfig
                0x0800376c       0x98 Drivers\STM32F1xx_HAL_Driver\Src\stm32f1xx_hal_tim.o
 .text.TIM_OC3_SetConfig
                0x08003804       0x9c Drivers\STM32F1xx_HAL_Driver\Src\stm32f1xx_hal_tim.o
 .text.TIM_OC4_SetConfig
                0x080038a0       0x68 Drivers\STM32F1xx_HAL_Driver\Src\stm32f1xx_hal_tim.o
 .text.HAL_TIM_Base_Start_IT
                0x08003908       0x4c Drivers\STM32F1xx_HAL_Driver\Src\stm32f1xx_hal_tim.o
                0x08003908                HAL_TIM_Base_Start_IT
 .text.HAL_TIM_IC_MspInit
                0x08003954        0x2 Drivers\STM32F1xx_HAL_Driver\Src\stm32f1xx_hal_tim.o
                0x08003954                HAL_TIM_IC_MspInit
 *fill*         0x08003956        0x2 
 .text.HAL_TIM_ConfigClockSource
                0x08003958      0x440 Drivers\STM32F1xx_HAL_Driver\Src\stm32f1xx_hal_tim.o
                0x08003958                HAL_TIM_ConfigClockSource
 .text.HAL_TIM_ReadCapturedValue
                0x08003d98       0xf8 Drivers\STM32F1xx_HAL_Driver\Src\stm32f1xx_hal_tim.o
                0x08003d98                HAL_TIM_ReadCapturedValue
 .text.HAL_TIM_OC_DelayElapsedCallback
                0x08003e90        0x2 Drivers\STM32F1xx_HAL_Driver\Src\stm32f1xx_hal_tim.o
                0x08003e90                HAL_TIM_OC_DelayElapsedCallback
 .text.HAL_TIM_PWM_PulseFinishedCallback
                0x08003e92        0x2 Drivers\STM32F1xx_HAL_Driver\Src\stm32f1xx_hal_tim.o
                0x08003e92                HAL_TIM_PWM_PulseFinishedCallback
 .text.HAL_TIM_TriggerCallback
                0x08003e94        0x2 Drivers\STM32F1xx_HAL_Driver\Src\stm32f1xx_hal_tim.o
                0x08003e94                HAL_TIM_TriggerCallback
 .text.HAL_TIM_IRQHandler
                0x08003e96      0x144 Drivers\STM32F1xx_HAL_Driver\Src\stm32f1xx_hal_tim.o
                0x08003e96                HAL_TIM_IRQHandler
 *fill*         0x08003fda        0x2 
 .text.TIM_Base_SetConfig
                0x08003fdc       0x70 Drivers\STM32F1xx_HAL_Driver\Src\stm32f1xx_hal_tim.o
                0x08003fdc                TIM_Base_SetConfig
 .text.HAL_TIM_Base_Init
                0x0800404c       0xa8 Drivers\STM32F1xx_HAL_Driver\Src\stm32f1xx_hal_tim.o
                0x0800404c                HAL_TIM_Base_Init
 .text.HAL_TIM_PWM_Init
                0x080040f4       0xb0 Drivers\STM32F1xx_HAL_Driver\Src\stm32f1xx_hal_tim.o
                0x080040f4                HAL_TIM_PWM_Init
 .text.HAL_TIM_IC_Init
                0x080041a4       0xb0 Drivers\STM32F1xx_HAL_Driver\Src\stm32f1xx_hal_tim.o
                0x080041a4                HAL_TIM_IC_Init
 .text.TIM_OC2_SetConfig
                0x08004254       0x9c Drivers\STM32F1xx_HAL_Driver\Src\stm32f1xx_hal_tim.o
                0x08004254                TIM_OC2_SetConfig
 .text.HAL_TIM_PWM_ConfigChannel
                0x080042f0      0x1d0 Drivers\STM32F1xx_HAL_Driver\Src\stm32f1xx_hal_tim.o
                0x080042f0                HAL_TIM_PWM_ConfigChannel
 .text.TIM_TI1_SetConfig
                0x080044c0       0x54 Drivers\STM32F1xx_HAL_Driver\Src\stm32f1xx_hal_tim.o
                0x080044c0                TIM_TI1_SetConfig
 .text.HAL_TIM_IC_ConfigChannel
                0x08004514      0x214 Drivers\STM32F1xx_HAL_Driver\Src\stm32f1xx_hal_tim.o
                0x08004514                HAL_TIM_IC_ConfigChannel
 .text.TIM_CCxChannelCmd
                0x08004728       0x68 Drivers\STM32F1xx_HAL_Driver\Src\stm32f1xx_hal_tim.o
                0x08004728                TIM_CCxChannelCmd
 .text.HAL_TIM_PWM_Start
                0x08004790       0x64 Drivers\STM32F1xx_HAL_Driver\Src\stm32f1xx_hal_tim.o
                0x08004790                HAL_TIM_PWM_Start
 .text.HAL_TIM_IC_Start_IT
                0x080047f4       0x9c Drivers\STM32F1xx_HAL_Driver\Src\stm32f1xx_hal_tim.o
                0x080047f4                HAL_TIM_IC_Start_IT
 .text.HAL_TIMEx_MasterConfigSynchronization
                0x08004890       0x9c Drivers\STM32F1xx_HAL_Driver\Src\stm32f1xx_hal_tim_ex.o
                0x08004890                HAL_TIMEx_MasterConfigSynchronization
 .text.HAL_TIMEx_CommutationCallback
                0x0800492c        0x2 Drivers\STM32F1xx_HAL_Driver\Src\stm32f1xx_hal_tim_ex.o
                0x0800492c                HAL_TIMEx_CommutationCallback
 .text.HAL_TIMEx_BreakCallback
                0x0800492e        0x2 Drivers\STM32F1xx_HAL_Driver\Src\stm32f1xx_hal_tim_ex.o
                0x0800492e                HAL_TIMEx_BreakCallback
 .text.u8g2_DrawBox
                0x08004930       0x46 Inc\u8g2\u8g2_box.o
                0x08004930                u8g2_DrawBox
 .text.u8g2_DrawFrame
                0x08004976       0x78 Inc\u8g2\u8g2_box.o
                0x08004976                u8g2_DrawFrame
 .text.u8g2_send_buffer
                0x080049ee       0x4e Inc\u8g2\u8g2_buffer.o
 .text.u8g2_ClearBuffer
                0x08004a3c       0x14 Inc\u8g2\u8g2_buffer.o
                0x08004a3c                u8g2_ClearBuffer
 .text.u8g2_SetBufferCurrTileRow
                0x08004a50       0x1a Inc\u8g2\u8g2_buffer.o
                0x08004a50                u8g2_SetBufferCurrTileRow
 .text.u8g2_FirstPage
                0x08004a6a       0x1a Inc\u8g2\u8g2_buffer.o
                0x08004a6a                u8g2_FirstPage
 .text.u8g2_NextPage
                0x08004a84       0x3e Inc\u8g2\u8g2_buffer.o
                0x08004a84                u8g2_NextPage
 *fill*         0x08004ac2        0x2 
 .text.u8g2_m_16_8_1
                0x08004ac4        0xc Inc\u8g2\u8g2_d_memory.o
                0x08004ac4                u8g2_m_16_8_1
 .text.u8g2_Setup_ssd1306_i2c_128x64_noname_1
                0x08004ad0       0x3c Inc\u8g2\u8g2_d_setup.o
                0x08004ad0                u8g2_Setup_ssd1306_i2c_128x64_noname_1
 .text.u8g2_font_get_word
                0x08004b0c        0xe Inc\u8g2\u8g2_font.o
 .text.u8g2_add_vector_y
                0x08004b1a       0x1c Inc\u8g2\u8g2_font.o
 .text.u8g2_add_vector_x
                0x08004b36       0x1c Inc\u8g2\u8g2_font.o
 .text.u8g2_font_calc_vref_font
                0x08004b52        0x4 Inc\u8g2\u8g2_font.o
                0x08004b52                u8g2_font_calc_vref_font
 .text.u8g2_read_font_info
                0x08004b56       0x6a Inc\u8g2\u8g2_font.o
                0x08004b56                u8g2_read_font_info
 .text.u8g2_font_decode_get_unsigned_bits
                0x08004bc0       0x3a Inc\u8g2\u8g2_font.o
                0x08004bc0                u8g2_font_decode_get_unsigned_bits
 .text.u8g2_font_setup_decode
                0x08004bfa       0x40 Inc\u8g2\u8g2_font.o
 .text.u8g2_font_decode_get_signed_bits
                0x08004c3a       0x14 Inc\u8g2\u8g2_font.o
                0x08004c3a                u8g2_font_decode_get_signed_bits
 .text.u8g2_font_decode_len
                0x08004c4e       0xa2 Inc\u8g2\u8g2_font.o
                0x08004c4e                u8g2_font_decode_len
 .text.u8g2_font_decode_glyph
                0x08004cf0      0x13c Inc\u8g2\u8g2_font.o
                0x08004cf0                u8g2_font_decode_glyph
 .text.u8g2_font_get_glyph_data
                0x08004e2c       0x72 Inc\u8g2\u8g2_font.o
                0x08004e2c                u8g2_font_get_glyph_data
 .text.u8g2_DrawGlyph
                0x08004e9e       0x5a Inc\u8g2\u8g2_font.o
                0x08004e9e                u8g2_DrawGlyph
 .text.u8g2_draw_string
                0x08004ef8       0x6c Inc\u8g2\u8g2_font.o
 .text.u8g2_DrawStr
                0x08004f64       0x10 Inc\u8g2\u8g2_font.o
                0x08004f64                u8g2_DrawStr
 .text.u8g2_UpdateRefHeight
                0x08004f74       0x56 Inc\u8g2\u8g2_font.o
                0x08004f74                u8g2_UpdateRefHeight
 *fill*         0x08004fca        0x2 
 .text.u8g2_SetFontPosBaseline
                0x08004fcc        0xc Inc\u8g2\u8g2_font.o
                0x08004fcc                u8g2_SetFontPosBaseline
 .text.u8g2_SetFont
                0x08004fd8       0x1e Inc\u8g2\u8g2_font.o
                0x08004fd8                u8g2_SetFont
 .text.u8g2_draw_hv_line_2dir
                0x08004ff6       0x18 Inc\u8g2\u8g2_hvline.o
                0x08004ff6                u8g2_draw_hv_line_2dir
 .text.u8g2_DrawHVLine
                0x0800500e       0xd0 Inc\u8g2\u8g2_hvline.o
                0x0800500e                u8g2_DrawHVLine
 .text.u8g2_is_intersection_decision_tree
                0x080050de       0x1e Inc\u8g2\u8g2_intersection.o
                0x080050de                u8g2_is_intersection_decision_tree
 .text.u8g2_IsIntersection
                0x080050fc       0x30 Inc\u8g2\u8g2_intersection.o
                0x080050fc                u8g2_IsIntersection
 .text.u8g2_ll_hvline_vertical_top_lsb
                0x0800512c       0x90 Inc\u8g2\u8g2_ll_hvline.o
                0x0800512c                u8g2_ll_hvline_vertical_top_lsb
 .text.u8g2_update_dimension_common
                0x080051bc       0x58 Inc\u8g2\u8g2_setup.o
 .text.u8g2_draw_l90_r0
                0x08005214        0xe Inc\u8g2\u8g2_setup.o
                0x08005214                u8g2_draw_l90_r0
 .text.u8g2_apply_clip_window
                0x08005222       0x6c Inc\u8g2\u8g2_setup.o
 .text.u8g2_update_page_win_r0
                0x0800528e       0x22 Inc\u8g2\u8g2_setup.o
                0x0800528e                u8g2_update_page_win_r0
 .text.u8g2_update_dimension_r0
                0x080052b0        0x4 Inc\u8g2\u8g2_setup.o
                0x080052b0                u8g2_update_dimension_r0
 .text.u8g2_SetMaxClipWindow
                0x080052b4       0x1a Inc\u8g2\u8g2_setup.o
                0x080052b4                u8g2_SetMaxClipWindow
 .text.u8g2_SetupBuffer
                0x080052ce       0x40 Inc\u8g2\u8g2_setup.o
                0x080052ce                u8g2_SetupBuffer
 .text.u8x8_ascii_next
                0x0800530e       0x10 Inc\u8g2\u8x8_8x8.o
                0x0800530e                u8x8_ascii_next
 .text.u8x8_utf8_init
                0x0800531e        0x8 Inc\u8g2\u8x8_8x8.o
                0x0800531e                u8x8_utf8_init
 .text.u8x8_byte_SendBytes
                0x08005326       0x10 Inc\u8g2\u8x8_byte.o
                0x08005326                u8x8_byte_SendBytes
 .text.u8x8_byte_SendByte
                0x08005336       0x14 Inc\u8g2\u8x8_byte.o
                0x08005336                u8x8_byte_SendByte
 .text.u8x8_byte_StartTransfer
                0x0800534a       0x10 Inc\u8g2\u8x8_byte.o
                0x0800534a                u8x8_byte_StartTransfer
 .text.u8x8_byte_EndTransfer
                0x0800535a       0x10 Inc\u8g2\u8x8_byte.o
                0x0800535a                u8x8_byte_EndTransfer
 .text.u8x8_i2c_data_transfer
                0x0800536a       0x2a Inc\u8g2\u8x8_cad.o
 .text.u8x8_cad_SendCmd
                0x08005394       0x10 Inc\u8g2\u8x8_cad.o
                0x08005394                u8x8_cad_SendCmd
 .text.u8x8_cad_SendArg
                0x080053a4       0x10 Inc\u8g2\u8x8_cad.o
                0x080053a4                u8x8_cad_SendArg
 .text.u8x8_cad_SendData
                0x080053b4       0x10 Inc\u8g2\u8x8_cad.o
                0x080053b4                u8x8_cad_SendData
 .text.u8x8_cad_StartTransfer
                0x080053c4       0x10 Inc\u8g2\u8x8_cad.o
                0x080053c4                u8x8_cad_StartTransfer
 .text.u8x8_cad_EndTransfer
                0x080053d4       0x10 Inc\u8g2\u8x8_cad.o
                0x080053d4                u8x8_cad_EndTransfer
 .text.u8x8_cad_SendSequence
                0x080053e4       0x62 Inc\u8g2\u8x8_cad.o
                0x080053e4                u8x8_cad_SendSequence
 .text.u8x8_cad_ssd13xx_i2c
                0x08005446       0x76 Inc\u8g2\u8x8_cad.o
                0x08005446                u8x8_cad_ssd13xx_i2c
 .text.u8x8_d_ssd1306_sh1106_generic
                0x080054bc       0xd0 Inc\u8g2\u8x8_d_ssd1306_128x64_noname.o
 .text.u8x8_d_ssd1306_128x64_noname
                0x0800558c       0x38 Inc\u8g2\u8x8_d_ssd1306_128x64_noname.o
                0x0800558c                u8x8_d_ssd1306_128x64_noname
 .text.u8x8_d_helper_display_setup_memory
                0x080055c4        0xa Inc\u8g2\u8x8_display.o
                0x080055c4                u8x8_d_helper_display_setup_memory
 .text.u8x8_d_helper_display_init
                0x080055ce       0x60 Inc\u8g2\u8x8_display.o
                0x080055ce                u8x8_d_helper_display_init
 .text.u8x8_DrawTile
                0x0800562e       0x22 Inc\u8g2\u8x8_display.o
                0x0800562e                u8x8_DrawTile
 .text.u8x8_SetupMemory
                0x08005650       0x10 Inc\u8g2\u8x8_display.o
                0x08005650                u8x8_SetupMemory
 .text.u8x8_InitDisplay
                0x08005660       0x10 Inc\u8g2\u8x8_display.o
                0x08005660                u8x8_InitDisplay
 .text.u8x8_SetPowerSave
                0x08005670       0x10 Inc\u8g2\u8x8_display.o
                0x08005670                u8x8_SetPowerSave
 .text.u8x8_RefreshDisplay
                0x08005680       0x10 Inc\u8g2\u8x8_display.o
                0x08005680                u8x8_RefreshDisplay
 .text.u8x8_gpio_call
                0x08005690        0xc Inc\u8g2\u8x8_gpio.o
                0x08005690                u8x8_gpio_call
 .text.u8x8_dummy_cb
                0x0800569c        0x4 Inc\u8g2\u8x8_setup.o
                0x0800569c                u8x8_dummy_cb
 .text.u8x8_SetupDefaults
                0x080056a0       0x2c Inc\u8g2\u8x8_setup.o
                0x080056a0                u8x8_SetupDefaults
 .text.u8x8_Setup
                0x080056cc       0x1c Inc\u8g2\u8x8_setup.o
                0x080056cc                u8x8_Setup
 .text.u8x8_gpio_and_delay_mine
                0x080056e8        0x4 Src\main.o
                0x080056e8                u8x8_gpio_and_delay_mine
 .text.u8x8_byte_stm32f103_hw_i2c
                0x080056ec       0x98 Src\main.o
                0x080056ec                u8x8_byte_stm32f103_hw_i2c
 .text.move_throttle.part.2
                0x08005784       0x2c Src\main.o
 .text.reverse  0x080057b0       0x20 Src\main.o
                0x080057b0                reverse
 .text.intToStr
                0x080057d0       0x3e Src\main.o
                0x080057d0                intToStr
 *fill*         0x0800580e        0x2 
 .text.ftoa     0x08005810       0x70 Src\main.o
                0x08005810                ftoa
 .text.SaveToEEPROM
                0x08005880       0x44 Src\main.o
                0x08005880                SaveToEEPROM
 .text.move_throttle
                0x080058c4       0x44 Src\main.o
                0x080058c4                move_throttle
 .text.disarm   0x08005908       0x3c Src\main.o
                0x08005908                disarm
 *fill*         0x08005944        0x4 
 .text.arm      0x08005948       0x60 Src\main.o
                0x08005948                arm
 .text.GetButtonNumberByValue
                0x080059a8       0x2c Src\main.o
                0x080059a8                GetButtonNumberByValue
 .text.readADC  0x080059d4       0x4c Src\main.o
                0x080059d4                readADC
 .text.readGPIO
                0x08005a20       0x7c Src\main.o
                0x08005a20                readGPIO
 *fill*         0x08005a9c        0x4 
 .text.AdjustValue
                0x08005aa0       0x94 Src\main.o
                0x08005aa0                AdjustValue
 .text.ReadCruiseSwitch
                0x08005b34      0x1a4 Src\main.o
                0x08005b34                ReadCruiseSwitch
 .text.HAL_GPIO_EXTI_Callback
                0x08005cd8       0x1c Src\main.o
                0x08005cd8                HAL_GPIO_EXTI_Callback
 .text.CalculateSPEED
                0x08005cf4       0x74 Src\main.o
                0x08005cf4                CalculateSPEED
 .text.CalculateRPM
                0x08005d68       0x30 Src\main.o
                0x08005d68                CalculateRPM
 .text.HAL_TIM_PeriodElapsedCallback
                0x08005d98      0x118 Src\main.o
                0x08005d98                HAL_TIM_PeriodElapsedCallback
 .text.HAL_TIM_IC_CaptureCallback
                0x08005eb0       0x44 Src\main.o
                0x08005eb0                HAL_TIM_IC_CaptureCallback
 *fill*         0x08005ef4        0x4 
 .text.showpage
                0x08005ef8      0x2d0 Src\main.o
                0x08005ef8                showpage
 .text.SystemClock_Config
                0x080061c8       0x80 Src\main.o
                0x080061c8                SystemClock_Config
 .text.startup.main
                0x08006248      0x4b8 Src\main.o
                0x08006248                main
 .text.assert_failed
                0x08006700        0x2 Src\main.o
                0x08006700                assert_failed
 *fill*         0x08006702        0x2 
 .text.HAL_MspInit
                0x08006704       0x44 Src\stm32f1xx_hal_msp.o
                0x08006704                HAL_MspInit
 .text.HAL_ADC_MspInit
                0x08006748       0x80 Src\stm32f1xx_hal_msp.o
                0x08006748                HAL_ADC_MspInit
 .text.HAL_CRC_MspInit
                0x080067c8       0x28 Src\stm32f1xx_hal_msp.o
                0x080067c8                HAL_CRC_MspInit
 .text.HAL_I2C_MspInit
                0x080067f0       0x64 Src\stm32f1xx_hal_msp.o
                0x080067f0                HAL_I2C_MspInit
 .text.HAL_RTC_MspInit
                0x08006854       0x3c Src\stm32f1xx_hal_msp.o
                0x08006854                HAL_RTC_MspInit
 .text.HAL_TIM_Base_MspInit
                0x08006890       0xb0 Src\stm32f1xx_hal_msp.o
                0x08006890                HAL_TIM_Base_MspInit
 .text.HAL_TIM_PWM_MspInit
                0x08006940       0x36 Src\stm32f1xx_hal_msp.o
                0x08006940                HAL_TIM_PWM_MspInit
 *fill*         0x08006976        0x2 
 .text.HAL_TIM_MspPostInit
                0x08006978       0x4c Src\stm32f1xx_hal_msp.o
                0x08006978                HAL_TIM_MspPostInit
 .text.NMI_Handler
                0x080069c4        0x4 Src\stm32f1xx_it.o
                0x080069c4                NMI_Handler
 .text.HardFault_Handler
                0x080069c8        0x2 Src\stm32f1xx_it.o
                0x080069c8                HardFault_Handler
 .text.MemManage_Handler
                0x080069ca        0x2 Src\stm32f1xx_it.o
                0x080069ca                MemManage_Handler
 .text.BusFault_Handler
                0x080069cc        0x2 Src\stm32f1xx_it.o
                0x080069cc                BusFault_Handler
 .text.UsageFault_Handler
                0x080069ce        0x2 Src\stm32f1xx_it.o
                0x080069ce                UsageFault_Handler
 .text.SVC_Handler
                0x080069d0        0x2 Src\stm32f1xx_it.o
                0x080069d0                SVC_Handler
 .text.DebugMon_Handler
                0x080069d2        0x2 Src\stm32f1xx_it.o
                0x080069d2                DebugMon_Handler
 .text.PendSV_Handler
                0x080069d4        0x2 Src\stm32f1xx_it.o
                0x080069d4                PendSV_Handler
 .text.SysTick_Handler
                0x080069d6        0x4 Src\stm32f1xx_it.o
                0x080069d6                SysTick_Handler
 *fill*         0x080069da        0x2 
 .text.TIM1_UP_IRQHandler
                0x080069dc        0xc Src\stm32f1xx_it.o
                0x080069dc                TIM1_UP_IRQHandler
 .text.TIM2_IRQHandler
                0x080069e8        0xc Src\stm32f1xx_it.o
                0x080069e8                TIM2_IRQHandler
 .text.TIM3_IRQHandler
                0x080069f4        0xc Src\stm32f1xx_it.o
                0x080069f4                TIM3_IRQHandler
 .text.EXTI15_10_IRQHandler
                0x08006a00        0x8 Src\stm32f1xx_it.o
                0x08006a00                EXTI15_10_IRQHandler
 .text.SystemInit
                0x08006a08       0x4c Src\system_stm32f1xx.o
                0x08006a08                SystemInit
 .text.Reset_Handler
                0x08006a54       0x48 startup\startup_stm32f103xb.o
                0x08006a54                Reset_Handler
 .text.Default_Handler
                0x08006a9c        0x2 startup\startup_stm32f103xb.o
                0x08006a9c                DMA1_Channel4_IRQHandler
                0x08006a9c                EXTI1_IRQHandler
                0x08006a9c                SPI2_IRQHandler
                0x08006a9c                EXTI9_5_IRQHandler
                0x08006a9c                SPI1_IRQHandler
                0x08006a9c                PVD_IRQHandler
                0x08006a9c                USBWakeUp_IRQHandler
                0x08006a9c                WWDG_IRQHandler
                0x08006a9c                ADC1_2_IRQHandler
                0x08006a9c                DMA1_Channel5_IRQHandler
                0x08006a9c                RCC_IRQHandler
                0x08006a9c                I2C1_ER_IRQHandler
                0x08006a9c                RTC_IRQHandler
                0x08006a9c                DMA1_Channel6_IRQHandler
                0x08006a9c                DMA1_Channel2_IRQHandler
                0x08006a9c                I2C2_EV_IRQHandler
                0x08006a9c                DMA1_Channel7_IRQHandler
                0x08006a9c                USB_LP_CAN1_RX0_IRQHandler
                0x08006a9c                USART2_IRQHandler
                0x08006a9c                FLASH_IRQHandler
                0x08006a9c                TIM1_BRK_IRQHandler
                0x08006a9c                USART1_IRQHandler
                0x08006a9c                TAMPER_IRQHandler
                0x08006a9c                CAN1_SCE_IRQHandler
                0x08006a9c                Default_Handler
                0x08006a9c                EXTI2_IRQHandler
                0x08006a9c                DMA1_Channel3_IRQHandler
                0x08006a9c                TIM4_IRQHandler
                0x08006a9c                USART3_IRQHandler
                0x08006a9c                EXTI3_IRQHandler
                0x08006a9c                I2C2_ER_IRQHandler
                0x08006a9c                TIM1_TRG_COM_IRQHandler
                0x08006a9c                I2C1_EV_IRQHandler
                0x08006a9c                TIM1_CC_IRQHandler
                0x08006a9c                DMA1_Channel1_IRQHandler
                0x08006a9c                EXTI0_IRQHandler
                0x08006a9c                RTC_Alarm_IRQHandler
                0x08006a9c                EXTI4_IRQHandler
                0x08006a9c                CAN1_RX1_IRQHandler
                0x08006a9c                USB_HP_CAN1_TX_IRQHandler
 *fill*         0x08006a9e        0x2 
 .text.__libc_init_array
                0x08006aa0       0x48 c:/program files (x86)/atollic/truestudio for stm32 9.2.0/armtools/bin/../lib/gcc/arm-atollic-eabi/6.3.1/../../../../arm-atollic-eabi/lib/armv7-m\libc_nano.a(lib_a-init.o)
                0x08006aa0                __libc_init_array
 .text.__itoa   0x08006ae8       0x30 c:/program files (x86)/atollic/truestudio for stm32 9.2.0/armtools/bin/../lib/gcc/arm-atollic-eabi/6.3.1/../../../../arm-atollic-eabi/lib/armv7-m\libc_nano.a(lib_a-itoa.o)
                0x08006ae8                __itoa
 .text.itoa     0x08006b18        0x4 c:/program files (x86)/atollic/truestudio for stm32 9.2.0/armtools/bin/../lib/gcc/arm-atollic-eabi/6.3.1/../../../../arm-atollic-eabi/lib/armv7-m\libc_nano.a(lib_a-itoa.o)
                0x08006b18                itoa
 .text.memset   0x08006b1c       0x10 c:/program files (x86)/atollic/truestudio for stm32 9.2.0/armtools/bin/../lib/gcc/arm-atollic-eabi/6.3.1/../../../../arm-atollic-eabi/lib/armv7-m\libc_nano.a(lib_a-memset.o)
                0x08006b1c                memset
 .text.__utoa   0x08006b2c       0x80 c:/program files (x86)/atollic/truestudio for stm32 9.2.0/armtools/bin/../lib/gcc/arm-atollic-eabi/6.3.1/../../../../arm-atollic-eabi/lib/armv7-m\libc_nano.a(lib_a-utoa.o)
                0x08006b2c                __utoa
 .text.pow      0x08006bac      0x2c8 c:/program files (x86)/atollic/truestudio for stm32 9.2.0/armtools/bin/../lib/gcc/arm-atollic-eabi/6.3.1/../../../../arm-atollic-eabi/lib/armv7-m\libm.a(lib_a-w_pow.o)
                0x08006bac                pow
 *fill*         0x08006e74        0x4 
 .text.__ieee754_pow
                0x08006e78      0x9e4 c:/program files (x86)/atollic/truestudio for stm32 9.2.0/armtools/bin/../lib/gcc/arm-atollic-eabi/6.3.1/../../../../arm-atollic-eabi/lib/armv7-m\libm.a(lib_a-e_pow.o)
                0x08006e78                __ieee754_pow
 .text.__ieee754_sqrt
                0x0800785c      0x158 c:/program files (x86)/atollic/truestudio for stm32 9.2.0/armtools/bin/../lib/gcc/arm-atollic-eabi/6.3.1/../../../../arm-atollic-eabi/lib/armv7-m\libm.a(lib_a-e_sqrt.o)
                0x0800785c                __ieee754_sqrt
 .text.fabs     0x080079b4        0x6 c:/program files (x86)/atollic/truestudio for stm32 9.2.0/armtools/bin/../lib/gcc/arm-atollic-eabi/6.3.1/../../../../arm-atollic-eabi/lib/armv7-m\libm.a(lib_a-s_fabs.o)
                0x080079b4                fabs
 .text.finite   0x080079ba        0xc c:/program files (x86)/atollic/truestudio for stm32 9.2.0/armtools/bin/../lib/gcc/arm-atollic-eabi/6.3.1/../../../../arm-atollic-eabi/lib/armv7-m\libm.a(lib_a-s_finite.o)
                0x080079ba                finite
 .text.matherr  0x080079c6        0x4 c:/program files (x86)/atollic/truestudio for stm32 9.2.0/armtools/bin/../lib/gcc/arm-atollic-eabi/6.3.1/../../../../arm-atollic-eabi/lib/armv7-m\libm.a(lib_a-s_matherr.o)
                0x080079c6                matherr
 *fill*         0x080079ca        0x2 
 .text.nan      0x080079cc        0xc c:/program files (x86)/atollic/truestudio for stm32 9.2.0/armtools/bin/../lib/gcc/arm-atollic-eabi/6.3.1/../../../../arm-atollic-eabi/lib/armv7-m\libm.a(lib_a-s_nan.o)
                0x080079cc                nan
 .text.rint     0x080079d8      0x110 c:/program files (x86)/atollic/truestudio for stm32 9.2.0/armtools/bin/../lib/gcc/arm-atollic-eabi/6.3.1/../../../../arm-atollic-eabi/lib/armv7-m\libm.a(lib_a-s_rint.o)
                0x080079d8                rint
 .text.scalbn   0x08007ae8       0xdc c:/program files (x86)/atollic/truestudio for stm32 9.2.0/armtools/bin/../lib/gcc/arm-atollic-eabi/6.3.1/../../../../arm-atollic-eabi/lib/armv7-m\libm.a(lib_a-s_scalbn.o)
                0x08007ae8                scalbn
 .text.copysign
                0x08007bc4        0xe c:/program files (x86)/atollic/truestudio for stm32 9.2.0/armtools/bin/../lib/gcc/arm-atollic-eabi/6.3.1/../../../../arm-atollic-eabi/lib/armv7-m\libm.a(lib_a-s_copysign.o)
                0x08007bc4                copysign
 *fill*         0x08007bd2        0x2 
 .text.__errno  0x08007bd4        0xc c:/program files (x86)/atollic/truestudio for stm32 9.2.0/armtools/bin/../lib/gcc/arm-atollic-eabi/6.3.1/../../../../arm-atollic-eabi/lib/armv7-m\libc_nano.a(lib_a-errno.o)
                0x08007bd4                __errno
 *(.glue_7)
 .glue_7        0x08007be0        0x0 linker stubs
 *(.glue_7t)
 .glue_7t       0x08007be0        0x0 linker stubs
 *(.eh_frame)
 .eh_frame      0x08007be0        0x0 c:/program files (x86)/atollic/truestudio for stm32 9.2.0/armtools/bin/../lib/gcc/arm-atollic-eabi/6.3.1/armv7-m/crtbegin.o
 *(.init)
 .init          0x08007be0        0x4 c:/program files (x86)/atollic/truestudio for stm32 9.2.0/armtools/bin/../lib/gcc/arm-atollic-eabi/6.3.1/armv7-m/crti.o
                0x08007be0                _init
 .init          0x08007be4        0x8 c:/program files (x86)/atollic/truestudio for stm32 9.2.0/armtools/bin/../lib/gcc/arm-atollic-eabi/6.3.1/armv7-m/crtn.o
 *(.fini)
 .fini          0x08007bec        0x4 c:/program files (x86)/atollic/truestudio for stm32 9.2.0/armtools/bin/../lib/gcc/arm-atollic-eabi/6.3.1/armv7-m/crti.o
                0x08007bec                _fini
 .fini          0x08007bf0        0x8 c:/program files (x86)/atollic/truestudio for stm32 9.2.0/armtools/bin/../lib/gcc/arm-atollic-eabi/6.3.1/armv7-m/crtn.o
                0x08007bf8                . = ALIGN (0x4)
                0x08007bf8                _etext = .

.vfp11_veneer   0x08007bf8        0x0
 .vfp11_veneer  0x08007bf8        0x0 linker stubs

.v4_bx          0x08007bf8        0x0
 .v4_bx         0x08007bf8        0x0 linker stubs

.iplt           0x08007bf8        0x0
 .iplt          0x08007bf8        0x0 c:/program files (x86)/atollic/truestudio for stm32 9.2.0/armtools/bin/../lib/gcc/arm-atollic-eabi/6.3.1/armv7-m/crtbegin.o

.rodata         0x08007bf8      0x768
                0x08007bf8                . = ALIGN (0x4)
 *(.rodata)
 .rodata        0x08007bf8       0x10 Drivers\STM32F1xx_HAL_Driver\Src\stm32f1xx_hal_rcc.o
 .rodata        0x08007c08       0x10 Drivers\STM32F1xx_HAL_Driver\Src\stm32f1xx_hal_rcc_ex.o
 *(.rodata*)
 .rodata.HAL_ADC_PollForConversion.str1.1
                0x08007c18       0x38 Drivers\STM32F1xx_HAL_Driver\Src\stm32f1xx_hal_adc.o
 .rodata.HAL_ADCEx_Calibration_Start.str1.1
                0x08007c50       0x3b Drivers\STM32F1xx_HAL_Driver\Src\stm32f1xx_hal_adc_ex.o
 .rodata.HAL_NVIC_SetPriorityGrouping.str1.1
                0x08007c8b       0x3b Drivers\STM32F1xx_HAL_Driver\Src\stm32f1xx_hal_cortex.o
 .rodata.HAL_CRC_Init.str1.1
                0x08007cc6       0x38 Drivers\STM32F1xx_HAL_Driver\Src\stm32f1xx_hal_crc.o
 .rodata.HAL_GPIO_Init.str1.1
                0x08007cfe       0x39 Drivers\STM32F1xx_HAL_Driver\Src\stm32f1xx_hal_gpio.o
 .rodata.HAL_I2C_Init.str1.1
                0x08007d37       0x38 Drivers\STM32F1xx_HAL_Driver\Src\stm32f1xx_hal_i2c.o
 .rodata.HAL_RCC_OscConfig.str1.1
                0x08007d6f       0x38 Drivers\STM32F1xx_HAL_Driver\Src\stm32f1xx_hal_rcc.o
 .rodata.HAL_RCCEx_PeriphCLKConfig.str1.1
                0x08007da7       0x3b Drivers\STM32F1xx_HAL_Driver\Src\stm32f1xx_hal_rcc_ex.o
 .rodata.HAL_RTC_SetTime.str1.1
                0x08007de2       0x38 Drivers\STM32F1xx_HAL_Driver\Src\stm32f1xx_hal_rtc.o
 .rodata.TIM_OC1_SetConfig.str1.1
                0x08007e1a       0x38 Drivers\STM32F1xx_HAL_Driver\Src\stm32f1xx_hal_tim.o
 .rodata.HAL_TIMEx_HallSensor_Init.str1.1
                0x08007e52       0x3b Drivers\STM32F1xx_HAL_Driver\Src\stm32f1xx_hal_tim_ex.o
 .rodata.u8g2_font_artossans8_8u
                0x08007e8d      0x341 Inc\u8g2\u8g2_fonts.o
                0x08007e8d                u8g2_font_artossans8_8u
 *fill*         0x080081ce        0x2 
 .rodata.u8g2_cb_r0
                0x080081d0        0xc Inc\u8g2\u8g2_setup.o
                0x080081d0                u8g2_cb_r0
 .rodata.u8x8_d_ssd1306_128x64_noname_flip0_seq
                0x080081dc        0x7 Inc\u8g2\u8x8_d_ssd1306_128x64_noname.o
 .rodata.u8x8_d_ssd1306_128x64_noname_flip1_seq
                0x080081e3        0x7 Inc\u8g2\u8x8_d_ssd1306_128x64_noname.o
 .rodata.u8x8_d_ssd1306_128x64_noname_init_seq
                0x080081ea       0x35 Inc\u8g2\u8x8_d_ssd1306_128x64_noname.o
 .rodata.u8x8_d_ssd1306_128x64_noname_powersave0_seq
                0x0800821f        0x5 Inc\u8g2\u8x8_d_ssd1306_128x64_noname.o
 .rodata.u8x8_d_ssd1306_128x64_noname_powersave1_seq
                0x08008224        0x5 Inc\u8g2\u8x8_d_ssd1306_128x64_noname.o
 *fill*         0x08008229        0x3 
 .rodata.u8x8_ssd1306_128x64_noname_display_info
                0x0800822c       0x18 Inc\u8g2\u8x8_d_ssd1306_128x64_noname.o
 .rodata.showpage.str1.1
                0x08008244       0x29 Src\main.o
                                 0x2d (size before relaxing)
 *fill*         0x0800826d        0x1 
 .rodata.values
                0x0800826e        0xa Src\main.o
                0x0800826e                values
 .rodata.AHBPrescTable
                0x08008278       0x10 Src\system_stm32f1xx.o
                0x08008278                AHBPrescTable
 .rodata.APBPrescTable
                0x08008288        0x8 Src\system_stm32f1xx.o
                0x08008288                APBPrescTable
 .rodata.__utoa.str1.1
                0x08008290       0x25 c:/program files (x86)/atollic/truestudio for stm32 9.2.0/armtools/bin/../lib/gcc/arm-atollic-eabi/6.3.1/../../../../arm-atollic-eabi/lib/armv7-m\libc_nano.a(lib_a-utoa.o)
 *fill*         0x080082b5        0x3 
 .rodata.__sf_fake_stderr
                0x080082b8       0x20 c:/program files (x86)/atollic/truestudio for stm32 9.2.0/armtools/bin/../lib/gcc/arm-atollic-eabi/6.3.1/../../../../arm-atollic-eabi/lib/armv7-m\libc_nano.a(lib_a-findfp.o)
                0x080082b8                __sf_fake_stderr
 .rodata.__sf_fake_stdin
                0x080082d8       0x20 c:/program files (x86)/atollic/truestudio for stm32 9.2.0/armtools/bin/../lib/gcc/arm-atollic-eabi/6.3.1/../../../../arm-atollic-eabi/lib/armv7-m\libc_nano.a(lib_a-findfp.o)
                0x080082d8                __sf_fake_stdin
 .rodata.__sf_fake_stdout
                0x080082f8       0x20 c:/program files (x86)/atollic/truestudio for stm32 9.2.0/armtools/bin/../lib/gcc/arm-atollic-eabi/6.3.1/../../../../arm-atollic-eabi/lib/armv7-m\libc_nano.a(lib_a-findfp.o)
                0x080082f8                __sf_fake_stdout
 .rodata.pow.str1.1
                0x08008318        0x4 c:/program files (x86)/atollic/truestudio for stm32 9.2.0/armtools/bin/../lib/gcc/arm-atollic-eabi/6.3.1/../../../../arm-atollic-eabi/lib/armv7-m\libm.a(lib_a-w_pow.o)
 .rodata.__ieee754_pow.str1.1
                0x0800831c        0x4 c:/program files (x86)/atollic/truestudio for stm32 9.2.0/armtools/bin/../lib/gcc/arm-atollic-eabi/6.3.1/../../../../arm-atollic-eabi/lib/armv7-m\libm.a(lib_a-e_pow.o)
                                  0x1 (size before relaxing)
 *fill*         0x0800831c        0x4 
 .rodata.bp     0x08008320       0x10 c:/program files (x86)/atollic/truestudio for stm32 9.2.0/armtools/bin/../lib/gcc/arm-atollic-eabi/6.3.1/../../../../arm-atollic-eabi/lib/armv7-m\libm.a(lib_a-e_pow.o)
 .rodata.dp_h   0x08008330       0x10 c:/program files (x86)/atollic/truestudio for stm32 9.2.0/armtools/bin/../lib/gcc/arm-atollic-eabi/6.3.1/../../../../arm-atollic-eabi/lib/armv7-m\libm.a(lib_a-e_pow.o)
 .rodata.dp_l   0x08008340       0x10 c:/program files (x86)/atollic/truestudio for stm32 9.2.0/armtools/bin/../lib/gcc/arm-atollic-eabi/6.3.1/../../../../arm-atollic-eabi/lib/armv7-m\libm.a(lib_a-e_pow.o)
 .rodata.TWO52  0x08008350       0x10 c:/program files (x86)/atollic/truestudio for stm32 9.2.0/armtools/bin/../lib/gcc/arm-atollic-eabi/6.3.1/../../../../arm-atollic-eabi/lib/armv7-m\libm.a(lib_a-s_rint.o)
                0x08008360                . = ALIGN (0x4)

.rel.dyn        0x08008360        0x0
 .rel.iplt      0x08008360        0x0 c:/program files (x86)/atollic/truestudio for stm32 9.2.0/armtools/bin/../lib/gcc/arm-atollic-eabi/6.3.1/armv7-m/crtbegin.o

.ARM.extab
 *(.ARM.extab* .gnu.linkonce.armextab.*)

.ARM            0x08008360        0x0
                0x08008360                __exidx_start = .
 *(.ARM.exidx*)
                0x08008360                __exidx_end = .

.preinit_array  0x08008360        0x0
                0x08008360                PROVIDE (__preinit_array_start, .)
 *(.preinit_array*)
                0x08008360                PROVIDE (__preinit_array_end, .)

.init_array     0x08008360        0x4
                0x08008360                PROVIDE (__init_array_start, .)
 *(SORT(.init_array.*))
 *(.init_array*)
 .init_array    0x08008360        0x4 c:/program files (x86)/atollic/truestudio for stm32 9.2.0/armtools/bin/../lib/gcc/arm-atollic-eabi/6.3.1/armv7-m/crtbegin.o
                0x08008364                PROVIDE (__init_array_end, .)

.fini_array     0x08008364        0x4
                [!provide]                PROVIDE (__fini_array_start, .)
 *(SORT(.fini_array.*))
 *(.fini_array*)
 .fini_array    0x08008364        0x4 c:/program files (x86)/atollic/truestudio for stm32 9.2.0/armtools/bin/../lib/gcc/arm-atollic-eabi/6.3.1/armv7-m/crtbegin.o
                [!provide]                PROVIDE (__fini_array_end, .)
                0x08008368                _sidata = LOADADDR (.data)

.data           0x20000000       0x78 load address 0x08008368
                0x20000000                . = ALIGN (0x4)
                0x20000000                _sdata = .
 *(.data)
 *(.data*)
 .data.uwTickFreq
                0x20000000        0x1 Drivers\STM32F1xx_HAL_Driver\Src\stm32f1xx_hal.o
                0x20000000                uwTickFreq
 *fill*         0x20000001        0x3 
 .data.uwTickPrio
                0x20000004        0x4 Drivers\STM32F1xx_HAL_Driver\Src\stm32f1xx_hal.o
                0x20000004                uwTickPrio
 .data.IDLE     0x20000008        0x1 Src\main.o
                0x20000008                IDLE
 .data.NewKeyValue
                0x20000009        0x1 Src\main.o
                0x20000009                NewKeyValue
 .data.OldKeyValue
                0x2000000a        0x1 Src\main.o
                0x2000000a                OldKeyValue
 .data.screen   0x2000000b        0x1 Src\main.o
                0x2000000b                screen
 .data.SystemCoreClock
                0x2000000c        0x4 Src\system_stm32f1xx.o
                0x2000000c                SystemCoreClock
 .data._impure_ptr
                0x20000010        0x4 c:/program files (x86)/atollic/truestudio for stm32 9.2.0/armtools/bin/../lib/gcc/arm-atollic-eabi/6.3.1/../../../../arm-atollic-eabi/lib/armv7-m\libc_nano.a(lib_a-impure.o)
                0x20000010                _impure_ptr
 .data.impure_data
                0x20000014       0x60 c:/program files (x86)/atollic/truestudio for stm32 9.2.0/armtools/bin/../lib/gcc/arm-atollic-eabi/6.3.1/../../../../arm-atollic-eabi/lib/armv7-m\libc_nano.a(lib_a-impure.o)
 .data.__fdlib_version
                0x20000074        0x1 c:/program files (x86)/atollic/truestudio for stm32 9.2.0/armtools/bin/../lib/gcc/arm-atollic-eabi/6.3.1/../../../../arm-atollic-eabi/lib/armv7-m\libm.a(lib_a-s_lib_ver.o)
                0x20000074                __fdlib_version
                0x20000078                . = ALIGN (0x4)
 *fill*         0x20000075        0x3 
                0x20000078                _edata = .

.igot.plt       0x20000078        0x0 load address 0x080083e0
 .igot.plt      0x20000078        0x0 c:/program files (x86)/atollic/truestudio for stm32 9.2.0/armtools/bin/../lib/gcc/arm-atollic-eabi/6.3.1/armv7-m/crtbegin.o
                0x20000078                . = ALIGN (0x4)

.bss            0x20000078      0x334 load address 0x080083e0
                0x20000078                _sbss = .
                0x20000078                __bss_start__ = _sbss
 *(.bss)
 .bss           0x20000078       0x1c c:/program files (x86)/atollic/truestudio for stm32 9.2.0/armtools/bin/../lib/gcc/arm-atollic-eabi/6.3.1/armv7-m/crtbegin.o
 *(.bss*)
 .bss.buf.9529  0x20000094       0x80 Inc\u8g2\u8g2_d_memory.o
 .bss.AT_D      0x20000114        0x1 Src\main.o
                0x20000114                AT_D
 .bss.AT_OD     0x20000115        0x1 Src\main.o
                0x20000115                AT_OD
 .bss.EDITED_VALUE_NUM
                0x20000116        0x1 Src\main.o
                0x20000116                EDITED_VALUE_NUM
 .bss.EEPROM_RECENT_WRITE
                0x20000117        0x1 Src\main.o
                0x20000117                EEPROM_RECENT_WRITE
 .bss.STP       0x20000118        0x1 Src\main.o
                0x20000118                STP
 *fill*         0x20000119        0x3 
 .bss.amountsent
                0x2000011c        0x4 Src\main.o
                0x2000011c                amountsent
 .bss.length.16228
                0x20000120        0x1 Src\main.o
 *fill*         0x20000121        0x1 
 .bss.rpm       0x20000122        0x2 Src\main.o
                0x20000122                rpm
 .bss.rpm_ticks
                0x20000124        0x2 Src\main.o
                0x20000124                rpm_ticks
 .bss.ticktock  0x20000126        0x2 Src\main.o
                0x20000126                ticktock
 .bss.u8g2      0x20000128       0x88 Src\main.o
 .bss.vals.16227
                0x200001b0       0x20 Src\main.o
 *(COMMON)
 COMMON         0x200001d0        0x4 Drivers\STM32F1xx_HAL_Driver\Src\stm32f1xx_hal.o
                0x200001d0                uwTick
 COMMON         0x200001d4      0x1d6 Src\main.o
                0x200001d4                hrtc
                0x200001e8                pid_error
                0x200001ec                CRUISE
                0x20000204                hi2c1
                0x20000258                IC_Faling_Val
                0x2000025c                EEPROM
                0x20000268                detectlongpress
                0x2000026c                second
                0x20000270                hcrc
                0x20000278                hadc1
                0x200002a8                pidloop
                0x200002ac                SPD
                0x200002c0                PID
                0x200002e4                htim2
                0x20000324                htim3
                0x20000364                htim1
                0x200003a4                ADC_Data
                0x200003ac                . = ALIGN (0x4)
 *fill*         0x200003aa        0x2 
                0x200003ac                _ebss = .
                0x200003ac                __bss_end__ = _ebss

._user_heap_stack
                0x200003ac      0x600 load address 0x080083e0
                0x200003ac                . = ALIGN (0x4)
                0x200003ac                PROVIDE (end, .)
                [!provide]                PROVIDE (_end, .)
                0x200005ac                . = (. + _Min_Heap_Size)
 *fill*         0x200003ac      0x200 
                0x200009ac                . = (. + _Min_Stack_Size)
 *fill*         0x200005ac      0x400 
                0x200009ac                . = ALIGN (0x4)

/DISCARD/
 libc.a(*)
 libm.a(*)
 libgcc.a(*)

.ARM.attributes
                0x00000000       0x29
 *(.ARM.attributes)
 .ARM.attributes
                0x00000000       0x1d c:/program files (x86)/atollic/truestudio for stm32 9.2.0/armtools/bin/../lib/gcc/arm-atollic-eabi/6.3.1/armv7-m/crti.o
 .ARM.attributes
                0x0000001d       0x2d c:/program files (x86)/atollic/truestudio for stm32 9.2.0/armtools/bin/../lib/gcc/arm-atollic-eabi/6.3.1/armv7-m/crtbegin.o
 .ARM.attributes
                0x0000004a       0x33 Drivers\CMSIS\DSP_Lib\Source\ControllerFunctions\arm_pid_init_f32.o
 .ARM.attributes
                0x0000007d       0x33 Drivers\CMSIS\DSP_Lib\Source\ControllerFunctions\arm_pid_reset_f32.o
 .ARM.attributes
                0x000000b0       0x33 Drivers\STM32F1xx_HAL_Driver\Src\stm32f1xx_hal.o
 .ARM.attributes
                0x000000e3       0x33 Drivers\STM32F1xx_HAL_Driver\Src\stm32f1xx_hal_adc.o
 .ARM.attributes
                0x00000116       0x33 Drivers\STM32F1xx_HAL_Driver\Src\stm32f1xx_hal_adc_ex.o
 .ARM.attributes
                0x00000149       0x33 Drivers\STM32F1xx_HAL_Driver\Src\stm32f1xx_hal_cortex.o
 .ARM.attributes
                0x0000017c       0x33 Drivers\STM32F1xx_HAL_Driver\Src\stm32f1xx_hal_crc.o
 .ARM.attributes
                0x000001af       0x33 Drivers\STM32F1xx_HAL_Driver\Src\stm32f1xx_hal_gpio.o
 .ARM.attributes
                0x000001e2       0x33 Drivers\STM32F1xx_HAL_Driver\Src\stm32f1xx_hal_i2c.o
 .ARM.attributes
                0x00000215       0x33 Drivers\STM32F1xx_HAL_Driver\Src\stm32f1xx_hal_pwr.o
 .ARM.attributes
                0x00000248       0x33 Drivers\STM32F1xx_HAL_Driver\Src\stm32f1xx_hal_rcc.o
 .ARM.attributes
                0x0000027b       0x33 Drivers\STM32F1xx_HAL_Driver\Src\stm32f1xx_hal_rcc_ex.o
 .ARM.attributes
                0x000002ae       0x33 Drivers\STM32F1xx_HAL_Driver\Src\stm32f1xx_hal_rtc.o
 .ARM.attributes
                0x000002e1       0x33 Drivers\STM32F1xx_HAL_Driver\Src\stm32f1xx_hal_tim.o
 .ARM.attributes
                0x00000314       0x33 Drivers\STM32F1xx_HAL_Driver\Src\stm32f1xx_hal_tim_ex.o
 .ARM.attributes
                0x00000347       0x33 Inc\u8g2\u8g2_box.o
 .ARM.attributes
                0x0000037a       0x33 Inc\u8g2\u8g2_buffer.o
 .ARM.attributes
                0x000003ad       0x33 Inc\u8g2\u8g2_d_memory.o
 .ARM.attributes
                0x000003e0       0x33 Inc\u8g2\u8g2_d_setup.o
 .ARM.attributes
                0x00000413       0x33 Inc\u8g2\u8g2_font.o
 .ARM.attributes
                0x00000446       0x33 Inc\u8g2\u8g2_fonts.o
 .ARM.attributes
                0x00000479       0x33 Inc\u8g2\u8g2_hvline.o
 .ARM.attributes
                0x000004ac       0x33 Inc\u8g2\u8g2_intersection.o
 .ARM.attributes
                0x000004df       0x33 Inc\u8g2\u8g2_ll_hvline.o
 .ARM.attributes
                0x00000512       0x33 Inc\u8g2\u8g2_setup.o
 .ARM.attributes
                0x00000545       0x33 Inc\u8g2\u8x8_8x8.o
 .ARM.attributes
                0x00000578       0x33 Inc\u8g2\u8x8_byte.o
 .ARM.attributes
                0x000005ab       0x33 Inc\u8g2\u8x8_cad.o
 .ARM.attributes
                0x000005de       0x33 Inc\u8g2\u8x8_d_ssd1306_128x64_noname.o
 .ARM.attributes
                0x00000611       0x33 Inc\u8g2\u8x8_display.o
 .ARM.attributes
                0x00000644       0x33 Inc\u8g2\u8x8_gpio.o
 .ARM.attributes
                0x00000677       0x33 Inc\u8g2\u8x8_setup.o
 .ARM.attributes
                0x000006aa       0x33 Src\main.o
 .ARM.attributes
                0x000006dd       0x33 Src\stm32f1xx_hal_msp.o
 .ARM.attributes
                0x00000710       0x33 Src\stm32f1xx_it.o
 .ARM.attributes
                0x00000743       0x33 Src\system_stm32f1xx.o
 .ARM.attributes
                0x00000776       0x21 startup\startup_stm32f103xb.o
 .ARM.attributes
                0x00000797       0x2d c:/program files (x86)/atollic/truestudio for stm32 9.2.0/armtools/bin/../lib/gcc/arm-atollic-eabi/6.3.1/../../../../arm-atollic-eabi/lib/armv7-m\libc_nano.a(lib_a-init.o)
 .ARM.attributes
                0x000007c4       0x2d c:/program files (x86)/atollic/truestudio for stm32 9.2.0/armtools/bin/../lib/gcc/arm-atollic-eabi/6.3.1/../../../../arm-atollic-eabi/lib/armv7-m\libc_nano.a(lib_a-itoa.o)
 .ARM.attributes
                0x000007f1       0x2d c:/program files (x86)/atollic/truestudio for stm32 9.2.0/armtools/bin/../lib/gcc/arm-atollic-eabi/6.3.1/../../../../arm-atollic-eabi/lib/armv7-m\libc_nano.a(lib_a-memset.o)
 .ARM.attributes
                0x0000081e       0x2d c:/program files (x86)/atollic/truestudio for stm32 9.2.0/armtools/bin/../lib/gcc/arm-atollic-eabi/6.3.1/../../../../arm-atollic-eabi/lib/armv7-m\libc_nano.a(lib_a-utoa.o)
 .ARM.attributes
                0x0000084b       0x2d c:/program files (x86)/atollic/truestudio for stm32 9.2.0/armtools/bin/../lib/gcc/arm-atollic-eabi/6.3.1/../../../../arm-atollic-eabi/lib/armv7-m\libc_nano.a(lib_a-findfp.o)
 .ARM.attributes
                0x00000878       0x2d c:/program files (x86)/atollic/truestudio for stm32 9.2.0/armtools/bin/../lib/gcc/arm-atollic-eabi/6.3.1/../../../../arm-atollic-eabi/lib/armv7-m\libc_nano.a(lib_a-impure.o)
 .ARM.attributes
                0x000008a5       0x2d c:/program files (x86)/atollic/truestudio for stm32 9.2.0/armtools/bin/../lib/gcc/arm-atollic-eabi/6.3.1/../../../../arm-atollic-eabi/lib/armv7-m\libm.a(lib_a-w_pow.o)
 .ARM.attributes
                0x000008d2       0x2d c:/program files (x86)/atollic/truestudio for stm32 9.2.0/armtools/bin/../lib/gcc/arm-atollic-eabi/6.3.1/../../../../arm-atollic-eabi/lib/armv7-m\libm.a(lib_a-e_pow.o)
 .ARM.attributes
                0x000008ff       0x2d c:/program files (x86)/atollic/truestudio for stm32 9.2.0/armtools/bin/../lib/gcc/arm-atollic-eabi/6.3.1/../../../../arm-atollic-eabi/lib/armv7-m\libm.a(lib_a-e_sqrt.o)
 .ARM.attributes
                0x0000092c       0x2d c:/program files (x86)/atollic/truestudio for stm32 9.2.0/armtools/bin/../lib/gcc/arm-atollic-eabi/6.3.1/../../../../arm-atollic-eabi/lib/armv7-m\libm.a(lib_a-s_fabs.o)
 .ARM.attributes
                0x00000959       0x2d c:/program files (x86)/atollic/truestudio for stm32 9.2.0/armtools/bin/../lib/gcc/arm-atollic-eabi/6.3.1/../../../../arm-atollic-eabi/lib/armv7-m\libm.a(lib_a-s_finite.o)
 .ARM.attributes
                0x00000986       0x2d c:/program files (x86)/atollic/truestudio for stm32 9.2.0/armtools/bin/../lib/gcc/arm-atollic-eabi/6.3.1/../../../../arm-atollic-eabi/lib/armv7-m\libm.a(lib_a-s_lib_ver.o)
 .ARM.attributes
                0x000009b3       0x2d c:/program files (x86)/atollic/truestudio for stm32 9.2.0/armtools/bin/../lib/gcc/arm-atollic-eabi/6.3.1/../../../../arm-atollic-eabi/lib/armv7-m\libm.a(lib_a-s_matherr.o)
 .ARM.attributes
                0x000009e0       0x2d c:/program files (x86)/atollic/truestudio for stm32 9.2.0/armtools/bin/../lib/gcc/arm-atollic-eabi/6.3.1/../../../../arm-atollic-eabi/lib/armv7-m\libm.a(lib_a-s_nan.o)
 .ARM.attributes
                0x00000a0d       0x2d c:/program files (x86)/atollic/truestudio for stm32 9.2.0/armtools/bin/../lib/gcc/arm-atollic-eabi/6.3.1/../../../../arm-atollic-eabi/lib/armv7-m\libm.a(lib_a-s_rint.o)
 .ARM.attributes
                0x00000a3a       0x2d c:/program files (x86)/atollic/truestudio for stm32 9.2.0/armtools/bin/../lib/gcc/arm-atollic-eabi/6.3.1/../../../../arm-atollic-eabi/lib/armv7-m\libm.a(lib_a-s_scalbn.o)
 .ARM.attributes
                0x00000a67       0x2d c:/program files (x86)/atollic/truestudio for stm32 9.2.0/armtools/bin/../lib/gcc/arm-atollic-eabi/6.3.1/../../../../arm-atollic-eabi/lib/armv7-m\libm.a(lib_a-s_copysign.o)
 .ARM.attributes
                0x00000a94       0x2d c:/program files (x86)/atollic/truestudio for stm32 9.2.0/armtools/bin/../lib/gcc/arm-atollic-eabi/6.3.1/../../../../arm-atollic-eabi/lib/armv7-m\libc_nano.a(lib_a-errno.o)
 .ARM.attributes
                0x00000ac1       0x1d c:/program files (x86)/atollic/truestudio for stm32 9.2.0/armtools/bin/../lib/gcc/arm-atollic-eabi/6.3.1/armv7-m\libgcc.a(_arm_addsubdf3.o)
 .ARM.attributes
                0x00000ade       0x1d c:/program files (x86)/atollic/truestudio for stm32 9.2.0/armtools/bin/../lib/gcc/arm-atollic-eabi/6.3.1/armv7-m\libgcc.a(_arm_muldivdf3.o)
 .ARM.attributes
                0x00000afb       0x1d c:/program files (x86)/atollic/truestudio for stm32 9.2.0/armtools/bin/../lib/gcc/arm-atollic-eabi/6.3.1/armv7-m\libgcc.a(_arm_cmpdf2.o)
 .ARM.attributes
                0x00000b18       0x1d c:/program files (x86)/atollic/truestudio for stm32 9.2.0/armtools/bin/../lib/gcc/arm-atollic-eabi/6.3.1/armv7-m\libgcc.a(_arm_unorddf2.o)
 .ARM.attributes
                0x00000b35       0x1d c:/program files (x86)/atollic/truestudio for stm32 9.2.0/armtools/bin/../lib/gcc/arm-atollic-eabi/6.3.1/armv7-m\libgcc.a(_arm_fixdfsi.o)
 .ARM.attributes
                0x00000b52       0x1d c:/program files (x86)/atollic/truestudio for stm32 9.2.0/armtools/bin/../lib/gcc/arm-atollic-eabi/6.3.1/armv7-m\libgcc.a(_arm_truncdfsf2.o)
 .ARM.attributes
                0x00000b6f       0x1d c:/program files (x86)/atollic/truestudio for stm32 9.2.0/armtools/bin/../lib/gcc/arm-atollic-eabi/6.3.1/armv7-m\libgcc.a(_arm_addsubsf3.o)
 .ARM.attributes
                0x00000b8c       0x1d c:/program files (x86)/atollic/truestudio for stm32 9.2.0/armtools/bin/../lib/gcc/arm-atollic-eabi/6.3.1/armv7-m\libgcc.a(_arm_muldivsf3.o)
 .ARM.attributes
                0x00000ba9       0x1d c:/program files (x86)/atollic/truestudio for stm32 9.2.0/armtools/bin/../lib/gcc/arm-atollic-eabi/6.3.1/armv7-m\libgcc.a(_arm_cmpsf2.o)
 .ARM.attributes
                0x00000bc6       0x1d c:/program files (x86)/atollic/truestudio for stm32 9.2.0/armtools/bin/../lib/gcc/arm-atollic-eabi/6.3.1/armv7-m\libgcc.a(_arm_fixsfsi.o)
 .ARM.attributes